{"evidence_command": {"argv": ["gcloud", "compute", "ssh", "mklinux-g4-g6-final-20260905", "--project", "new-demo-project-462517", "--zone", "asia-southeast1-b", "--command", "sudo ps -o pid,ppid,pgid,sid,stat,lstart,etime,comm,args -p 16712,16715; sudo sh -c \"for p in 16712 16715; do if test -r /proc/\\$p/status; then echo PROC_STATUS_\\$p; sed -n \\\"1,12p;/^State:/p;/^PPid:/p;/^NSpid:/p\\\" /proc/\\$p/status; echo PROC_CGROUP_\\$p; cat /proc/\\$p/cgroup; fi; done\"; sudo ps -eo pid,ppid,pgid,sid,stat,comm,args | grep -E \"containerd-shim|runtime-cancellation-blocker|mk-cancellation-live\" | grep -v grep || true; sudo ctr containers list; sudo ctr tasks list; systemctl show mkruntimed mknetd containerd docker -p Id -p ActiveState -p SubState -p MainPID -p NRestarts --no-pager; sudo journalctl -u containerd --since \"2026-10-08 13:27:30 UTC\" --no-pager -n 160; cd /var/tmp/mksrc-cacec0d && scripts/audit-runtime-final-resources-live.sh"], "started_at": "2026-10-08T13:30:21.256113Z"}}
    PID    PPID    PGID     SID STAT                  STARTED     ELAPSED COMMAND         COMMAND
CONTAINER    IMAGE    RUNTIME    
TASK    PID    STATUS    
Id=mkruntimed.service
ActiveState=active
SubState=running
MainPID=17091
NRestarts=0

Id=mknetd.service
ActiveState=active
SubState=running
MainPID=16112
NRestarts=0

Id=containerd.service
ActiveState=active
SubState=running
MainPID=1454
NRestarts=0

Id=docker.service
ActiveState=active
SubState=running
MainPID=1508
NRestarts=0
Oct 08 13:28:50 mklinux-g4-g6-final-20260905 containerd[1454]: time="2026-10-08T13:28:50.833674818Z" level=info msg="connecting to shim mk-cancellation-live" address="unix:///run/containerd/s/dcd699da4b6f8013cdf53c70297ccdfea7fcaf8aab8a33ab0edf686940b3be21" namespace=default protocol=ttrpc version=2
Oct 08 13:28:56 mklinux-g4-g6-final-20260905 containerd[1454]: time="2026-10-08T13:28:56.092966774Z" level=error msg="failed to delete task" error="rpc error: code = DeadlineExceeded desc = context deadline exceeded" id=mk-cancellation-live
Oct 08 13:29:01 mklinux-g4-g6-final-20260905 containerd[1454]: time="2026-10-08T13:29:01.093206074Z" level=info msg="shim disconnected" id=mk-cancellation-live namespace=default
Oct 08 13:29:01 mklinux-g4-g6-final-20260905 containerd[1454]: time="2026-10-08T13:29:01.093282188Z" level=info msg="cleaning up after shim disconnected" id=mk-cancellation-live namespace=default
Oct 08 13:29:01 mklinux-g4-g6-final-20260905 containerd[1454]: time="2026-10-08T13:29:01.093291064Z" level=info msg="cleaning up dead shim" id=mk-cancellation-live namespace=default
Oct 08 13:29:01 mklinux-g4-g6-final-20260905 containerd[1454]: time="2026-10-08T13:29:01.097724978Z" level=error msg="failed to delete dead shim" cmd="/usr/local/bin/containerd-shim-multikernel-v2 -namespace default -address /run/containerd/containerd.sock -publish-binary /usr/bin/containerd -id mk-cancellation-live -bundle /run/containerd/io.containerd.runtime.v2.task/default/mk-cancellation-live delete" error="exit status 1" id=mk-cancellation-live namespace=default
Oct 08 13:29:01 mklinux-g4-g6-final-20260905 containerd[1454]: time="2026-10-08T13:29:01.097762310Z" level=warning msg="failed to clean up after shim disconnected" error="io.containerd.multikernel.v2: getwd: no such file or directory: exit status 1" id=mk-cancellation-live namespace=default
+scripts/audit-runtime-final-resources-live.sh:5: kerf=/opt/mkruntime/kerf-venv/bin/kerf
+scripts/audit-runtime-final-resources-live.sh:6: task_root=/run/containerd/io.containerd.runtime.v2.task
+scripts/audit-runtime-final-resources-live.sh:7: storage_root=/srv/multikernel-storage/runtime
++scripts/audit-runtime-final-resources-live.sh:9: id -u
+scripts/audit-runtime-final-resources-live.sh:9: [[ 1001 -ne 0 ]]
+scripts/audit-runtime-final-resources-live.sh:10: for service in mkruntimed mknetd containerd docker
++scripts/audit-runtime-final-resources-live.sh:10: systemctl is-active mkruntimed
+scripts/audit-runtime-final-resources-live.sh:10: [[ active = active ]]
+scripts/audit-runtime-final-resources-live.sh:10: for service in mkruntimed mknetd containerd docker
++scripts/audit-runtime-final-resources-live.sh:10: systemctl is-active mknetd
+scripts/audit-runtime-final-resources-live.sh:10: [[ active = active ]]
+scripts/audit-runtime-final-resources-live.sh:10: for service in mkruntimed mknetd containerd docker
++scripts/audit-runtime-final-resources-live.sh:10: systemctl is-active containerd
+scripts/audit-runtime-final-resources-live.sh:10: [[ active = active ]]
+scripts/audit-runtime-final-resources-live.sh:10: for service in mkruntimed mknetd containerd docker
++scripts/audit-runtime-final-resources-live.sh:10: systemctl is-active docker
+scripts/audit-runtime-final-resources-live.sh:10: [[ active = active ]]
++scripts/audit-runtime-final-resources-live.sh:12: sudo /opt/mkruntime/kerf-venv/bin/kerf show
+scripts/audit-runtime-final-resources-live.sh:12: kerf_state=$'\nNo memory pool configured\n\n================================================================================\nNo instances found in /sys/fs/multikernel/instances/\n\n/proc/kimage:\n================================================================================\nMK_ID  Type        Start Address   Segments  Mode  Cmdline\n-----  ----------  --------------  --------  ----  -------'
+scripts/audit-runtime-final-resources-live.sh:13: grep -Fq 'No memory pool configured'
+scripts/audit-runtime-final-resources-live.sh:14: grep -Fq 'No instances found'
++scripts/audit-runtime-final-resources-live.sh:16: sudo find /sys/fs/multikernel/instances -mindepth 1 -maxdepth 1 -type d
++scripts/audit-runtime-final-resources-live.sh:16: wc -l
+scripts/audit-runtime-final-resources-live.sh:16: children=0
++scripts/audit-runtime-final-resources-live.sh:18: findmnt -rn -o TARGET,SOURCE
++scripts/audit-runtime-final-resources-live.sh:18: awk -v storage=/srv/multikernel-storage/runtime -v tasks=/run/containerd/io.containerd.runtime.v2.task 'index($1,storage "/") == 1 || index($1,tasks "/default/") == 1 || index($1,tasks "/moby/") == 1 || $2 ~ /^\/dev\/nbd[0-9]+(p[0-9]+)?$/ {n++} END {print n+0}'
+scripts/audit-runtime-final-resources-live.sh:18: runtime_mounts=0
++scripts/audit-runtime-final-resources-live.sh:19: sudo find /srv/multikernel-storage/runtime -mindepth 1 -print
++scripts/audit-runtime-final-resources-live.sh:19: wc -l
+scripts/audit-runtime-final-resources-live.sh:19: runtime_artifacts=0
++scripts/audit-runtime-final-resources-live.sh:20: sudo find /run/containerd/io.containerd.runtime.v2.task/default /run/containerd/io.containerd.runtime.v2.task/moby -path '*/.multikernel/*' -print
++scripts/audit-runtime-final-resources-live.sh:20: wc -l
++scripts/audit-runtime-final-resources-live.sh:20: true
+scripts/audit-runtime-final-resources-live.sh:20: bundle_artifacts=0
++scripts/audit-runtime-final-resources-live.sh:21: sudo find /run/containerd/io.containerd.runtime.v2.task/default /run/containerd/io.containerd.runtime.v2.task/moby -type p -print
++scripts/audit-runtime-final-resources-live.sh:21: wc -l
++scripts/audit-runtime-final-resources-live.sh:21: true
+scripts/audit-runtime-final-resources-live.sh:21: fifos=0
++scripts/audit-runtime-final-resources-live.sh:22: ip -o link show
++scripts/audit-runtime-final-resources-live.sh:22: awk '-F: ' '$2 ~ /^mkv[0-9a-f]+$/ {n++} END {print n+0}'
+scripts/audit-runtime-final-resources-live.sh:22: links=0
++scripts/audit-runtime-final-resources-live.sh:23: ip -o route show table all
++scripts/audit-runtime-final-resources-live.sh:23: awk '$0 ~ /(^| )mkv[0-9a-f]+( |$)/ || $0 ~ /(^| )172\.31\./ {n++} END {print n+0}'
+scripts/audit-runtime-final-resources-live.sh:23: routes=0
++scripts/audit-runtime-final-resources-live.sh:24: sudo iptables -t nat -S POSTROUTING
++scripts/audit-runtime-final-resources-live.sh:24: grep -c '172\.31\.'
++scripts/audit-runtime-final-resources-live.sh:24: true
+scripts/audit-runtime-final-resources-live.sh:24: nat_rules=0
++scripts/audit-runtime-final-resources-live.sh:25: sudo iptables -S
++scripts/audit-runtime-final-resources-live.sh:25: grep -c '^\(-N\|-A\) MK-'
++scripts/audit-runtime-final-resources-live.sh:25: true
+scripts/audit-runtime-final-resources-live.sh:25: filter_rules=0
++scripts/audit-runtime-final-resources-live.sh:26: sudo ctr tasks list -q
++scripts/audit-runtime-final-resources-live.sh:26: wc -l
+scripts/audit-runtime-final-resources-live.sh:26: default_tasks=0
++scripts/audit-runtime-final-resources-live.sh:27: sudo ctr containers list -q
++scripts/audit-runtime-final-resources-live.sh:27: wc -l
+scripts/audit-runtime-final-resources-live.sh:27: default_containers=0
++scripts/audit-runtime-final-resources-live.sh:28: sudo ctr -n moby tasks list -q
++scripts/audit-runtime-final-resources-live.sh:28: wc -l
+scripts/audit-runtime-final-resources-live.sh:28: moby_tasks=0
++scripts/audit-runtime-final-resources-live.sh:29: sudo ctr -n moby containers list -q
++scripts/audit-runtime-final-resources-live.sh:29: wc -l
+scripts/audit-runtime-final-resources-live.sh:29: moby_containers=0
++scripts/audit-runtime-final-resources-live.sh:30: sudo docker ps -aq
++scripts/audit-runtime-final-resources-live.sh:30: wc -l
+scripts/audit-runtime-final-resources-live.sh:30: docker_containers=0
++scripts/audit-runtime-final-resources-live.sh:31: sudo python3 -c 'import json,os; p="/var/lib/mkruntimed/rootfs/state.json"; print(len(json.load(open(p))["records"]) if os.path.exists(p) else 0)'
+scripts/audit-runtime-final-resources-live.sh:31: rootfs_records=0
++scripts/audit-runtime-final-resources-live.sh:32: sudo python3 -c 'import json,os; p="/var/lib/mknetd/state.json"; print(len(json.load(open(p))["endpoints"]) if os.path.exists(p) else 0)'
+scripts/audit-runtime-final-resources-live.sh:32: endpoints=0
++scripts/audit-runtime-final-resources-live.sh:33: ps -eo comm=
++scripts/audit-runtime-final-resources-live.sh:33: awk '$1 == "containerd-shim" {n++} END {print n+0}'
+scripts/audit-runtime-final-resources-live.sh:33: shim_processes=0
++scripts/audit-runtime-final-resources-live.sh:34: ps -eo comm=
++scripts/audit-runtime-final-resources-live.sh:34: awk '$1 == "mkvsock-nbd" {n++} END {print n+0}'
+scripts/audit-runtime-final-resources-live.sh:34: nbd_processes=0
++scripts/audit-runtime-final-resources-live.sh:35: ps -eo comm=
++scripts/audit-runtime-final-resources-live.sh:35: awk '$1 == "mk-agent-relay" {n++} END {print n+0}'
+scripts/audit-runtime-final-resources-live.sh:35: relay_processes=0
+scripts/audit-runtime-final-resources-live.sh:37: inventory='children=0 runtime_mounts=0 runtime_artifacts=0 bundle_artifacts=0 fifos=0 links=0 routes=0 nat_rules=0 filter_rules=0 default_tasks=0 default_containers=0 moby_tasks=0 moby_containers=0 docker_containers=0 rootfs_records=0 endpoints=0 shim_processes=0 nbd_processes=0 relay_processes=0'
+scripts/audit-runtime-final-resources-live.sh:38: expected='children=0 runtime_mounts=0 runtime_artifacts=0 bundle_artifacts=0 fifos=0 links=0 routes=0 nat_rules=0 filter_rules=0 default_tasks=0 default_containers=0 moby_tasks=0 moby_containers=0 docker_containers=0 rootfs_records=0 endpoints=0 shim_processes=0 nbd_processes=0 relay_processes=0'
+scripts/audit-runtime-final-resources-live.sh:39: [[ children=0 runtime_mounts=0 runtime_artifacts=0 bundle_artifacts=0 fifos=0 links=0 routes=0 nat_rules=0 filter_rules=0 default_tasks=0 default_containers=0 moby_tasks=0 moby_containers=0 docker_containers=0 rootfs_records=0 endpoints=0 shim_processes=0 nbd_processes=0 relay_processes=0 = children\=0 runtime_mounts\=0 runtime_artifacts\=0 bundle_artifacts\=0 fifos\=0 links\=0 routes\=0 nat_rules\=0 filter_rules\=0 default_tasks\=0 default_containers\=0 moby_tasks\=0 moby_containers\=0 docker_containers\=0 rootfs_records\=0 endpoints\=0 shim_processes\=0 nbd_processes\=0 relay_processes\=0 ]]
++scripts/audit-runtime-final-resources-live.sh:41: systemctl show -p MainPID --value mkruntimed
+scripts/audit-runtime-final-resources-live.sh:41: pid=17091
++scripts/audit-runtime-final-resources-live.sh:42: readlink -f /usr/local/lib/multikernel/current
++scripts/audit-runtime-final-resources-live.sh:42: cat /proc/sys/kernel/random/boot_id
++scripts/audit-runtime-final-resources-live.sh:42: sudo sha256sum /proc/17091/exe
++scripts/audit-runtime-final-resources-live.sh:42: awk '{print $1}'
OBSERVATION_BEGIN key=provenance
selector=/usr/local/lib/multikernel/releases/0.1.0-dev-cacec0db6fef21a5721bcdef558dc30703867d89 boot_id=0404118a-b8a8-4187-89fa-2e45529963c2 mkruntimed_pid=17091 mkruntimed_sha256=9228c947f9345d81234bb75a06f6dca4519d238593c5439665bbcd0e713d52d6
OBSERVATION_END key=provenance
+scripts/audit-runtime-final-resources-live.sh:42: printf 'OBSERVATION_BEGIN key=provenance\nselector=%s boot_id=%s mkruntimed_pid=%s mkruntimed_sha256=%s\nOBSERVATION_END key=provenance\n' /usr/local/lib/multikernel/releases/0.1.0-dev-cacec0db6fef21a5721bcdef558dc30703867d89 0404118a-b8a8-4187-89fa-2e45529963c2 17091 9228c947f9345d81234bb75a06f6dca4519d238593c5439665bbcd0e713d52d6
OBSERVATION_BEGIN key=kerf-resource-return

No memory pool configured

================================================================================
No instances found in /sys/fs/multikernel/instances/

/proc/kimage:
================================================================================
MK_ID  Type        Start Address   Segments  Mode  Cmdline
-----  ----------  --------------  --------  ----  -------
OBSERVATION_END key=kerf-resource-return
+scripts/audit-runtime-final-resources-live.sh:45: printf 'OBSERVATION_BEGIN key=kerf-resource-return\n%s\nOBSERVATION_END key=kerf-resource-return\n' $'\nNo memory pool configured\n\n================================================================================\nNo instances found in /sys/fs/multikernel/instances/\n\n/proc/kimage:\n================================================================================\nMK_ID  Type        Start Address   Segments  Mode  Cmdline\n-----  ----------  --------------  --------  ----  -------'
OBSERVATION_BEGIN key=final-resource-inventory
children=0 runtime_mounts=0 runtime_artifacts=0 bundle_artifacts=0 fifos=0 links=0 routes=0 nat_rules=0 filter_rules=0 default_tasks=0 default_containers=0 moby_tasks=0 moby_containers=0 docker_containers=0 rootfs_records=0 endpoints=0 shim_processes=0 nbd_processes=0 relay_processes=0
OBSERVATION_END key=final-resource-inventory
+scripts/audit-runtime-final-resources-live.sh:46: printf 'OBSERVATION_BEGIN key=final-resource-inventory\n%s\nOBSERVATION_END key=final-resource-inventory\n' 'children=0 runtime_mounts=0 runtime_artifacts=0 bundle_artifacts=0 fifos=0 links=0 routes=0 nat_rules=0 filter_rules=0 default_tasks=0 default_containers=0 moby_tasks=0 moby_containers=0 docker_containers=0 rootfs_records=0 endpoints=0 shim_processes=0 nbd_processes=0 relay_processes=0'
+scripts/audit-runtime-final-resources-live.sh:47: for service in mkruntimed mknetd containerd docker
+scripts/audit-runtime-final-resources-live.sh:48: systemctl show mkruntimed.service -p Id -p ActiveState -p SubState -p NRestarts -p MainPID --no-pager
Id=mkruntimed.service
ActiveState=active
SubState=running
MainPID=17091
NRestarts=0
+scripts/audit-runtime-final-resources-live.sh:47: for service in mkruntimed mknetd containerd docker
+scripts/audit-runtime-final-resources-live.sh:48: systemctl show mknetd.service -p Id -p ActiveState -p SubState -p NRestarts -p MainPID --no-pager
Id=mknetd.service
ActiveState=active
SubState=running
MainPID=16112
NRestarts=0
+scripts/audit-runtime-final-resources-live.sh:47: for service in mkruntimed mknetd containerd docker
+scripts/audit-runtime-final-resources-live.sh:48: systemctl show containerd.service -p Id -p ActiveState -p SubState -p NRestarts -p MainPID --no-pager
Id=containerd.service
ActiveState=active
SubState=running
MainPID=1454
NRestarts=0
+scripts/audit-runtime-final-resources-live.sh:47: for service in mkruntimed mknetd containerd docker
+scripts/audit-runtime-final-resources-live.sh:48: systemctl show docker.service -p Id -p ActiveState -p SubState -p NRestarts -p MainPID --no-pager
Id=docker.service
ActiveState=active
SubState=running
MainPID=1508
NRestarts=0
G6_FINAL_RESOURCE_RETURN_PASS
+scripts/audit-runtime-final-resources-live.sh:50: echo G6_FINAL_RESOURCE_RETURN_PASS
{"evidence_command_result": {"ended_at": "2026-10-08T13:30:23.919360Z", "exit_status": 0}}
