{"evidence_command": {"argv": ["gcloud", "compute", "ssh", "mklinux-g4-g6-final-20260905", "--project", "new-demo-project-462517", "--zone", "asia-southeast1-b", "--command", "set -euxo pipefail; cd /var/tmp/mksrc-a17f10a; test \"$(sha256sum /var/tmp/mksrc-a17f10a.tar)\" = \"6f50c87f610b9fb391b978f2d1e5edbb5f06d4c69bd55c14ff762966dfff3986  /var/tmp/mksrc-a17f10a.tar\"; test \"$(id -u)\" = 1001; install -d -m 0700 /run/user/1001/t; test \"$(stat -c %a /run/user/1001/t)\" = 700; test \"$(stat -c %u /run/user/1001/t)\" = 1001; cd runtime; GOCACHE=/tmp/a17g GOTMPDIR=/run/user/1001/t TMPDIR=/run/user/1001/t go test -race ./internal/daemon ./internal/rootfs ./internal/lifecycle ./cmd/mkruntimed ./cmd/containerd-shim-multikernel-v2; GOCACHE=/tmp/a17g GOTMPDIR=/run/user/1001/t TMPDIR=/run/user/1001/t go vet ./internal/daemon ./internal/rootfs ./internal/lifecycle ./cmd/mkruntimed ./cmd/containerd-shim-multikernel-v2; cd ..; make runtime-manifest RUNTIME_VERSION=0.1.0-dev RUNTIME_REVISION=a17f10a; jq -e \".version == \\\"0.1.0-dev\\\" and .revision == \\\"a17f10a\\\"\" runtime/release-manifest.json; test \"$(find runtime/bin -maxdepth 1 -type f -perm -0100 | wc -l)\" = 7; sha256sum runtime/bin/* runtime/release-manifest.json; echo G6_CANCELLATION_BUILD_A17F10A_PASS"], "started_at": "2026-10-08T13:46:32.481015Z"}}
+ cd /var/tmp/mksrc-a17f10a
++ sha256sum /var/tmp/mksrc-a17f10a.tar
+ test '6f50c87f610b9fb391b978f2d1e5edbb5f06d4c69bd55c14ff762966dfff3986  /var/tmp/mksrc-a17f10a.tar' = '6f50c87f610b9fb391b978f2d1e5edbb5f06d4c69bd55c14ff762966dfff3986  /var/tmp/mksrc-a17f10a.tar'
++ id -u
+ test 1001 = 1001
+ install -d -m 0700 /run/user/1001/t
++ stat -c %a /run/user/1001/t
+ test 700 = 700
++ stat -c %u /run/user/1001/t
+ test 1001 = 1001
+ cd runtime
+ GOCACHE=/tmp/a17g
+ GOTMPDIR=/run/user/1001/t
+ TMPDIR=/run/user/1001/t
+ go test -race ./internal/daemon ./internal/rootfs ./internal/lifecycle ./cmd/mkruntimed ./cmd/containerd-shim-multikernel-v2
ok  	github.com/hairizuan/multikernel-linux-expt/runtime/internal/daemon	(cached)
ok  	github.com/hairizuan/multikernel-linux-expt/runtime/internal/rootfs	3.679s
ok  	github.com/hairizuan/multikernel-linux-expt/runtime/internal/lifecycle	1.265s
ok  	github.com/hairizuan/multikernel-linux-expt/runtime/cmd/mkruntimed	(cached)
multikernel stdin intent: no such file or directory
multikernel process wait validation: guest returned a stopped process with mismatched identity or state
multikernel process wait validation: guest returned a stopped process with mismatched identity or state
multikernel process wait validation: guest returned a stopped process with a different PID
multikernel process wait validation: guest returned an exit status outside the agent contract
multikernel process wait validation: guest returned an exit status outside the agent contract
multikernel output acknowledgement: no such file or directory
multikernel output monitor: context deadline exceeded
multikernel exit state persistence: no such file or directory
multikernel exit event acknowledgement: no such file or directory
multikernel close stdin: injected close failure
multikernel close stdin: injected close failure
multikernel event publication deferred: injected publication failure
multikernel event publication deferred: injected publication failure
multikernel event publication deferred: injected publication failure
multikernel event publication deferred: injected publication failure
multikernel event publication deferred: injected publication failure
multikernel event publication deferred: injected publication failure
multikernel event publication deferred: injected publication failure
multikernel event publication deferred: injected publication failure
multikernel event publication deferred: injected publication failure
multikernel event publication deferred: injected publication failure
multikernel event publication deferred: injected publication failure
multikernel event publication deferred: injected transient disconnect
multikernel event publication deferred: injected publication failure
multikernel event publication deferred: injected publication failure
multikernel shim: guest teardown completed through sandbox deletion with warnings: close guest network: injected guest network close failure
quiesce guest agent: unexpected status ""
multikernel event publication deferred: injected publication failure
multikernel network report DISCONNECTED: injected network report failure
multikernel network report READY: injected network report failure
multikernel shim supervisor: worker pid=41749 signal=killed restart_attempt=1
--- FAIL: TestRelayOwnershipKillsDescendantsAndRetainsSocketCleanup (0.00s)
    --- FAIL: TestRelayOwnershipKillsDescendantsAndRetainsSocketCleanup/stop_kills_group_and_removes_socket (0.00s)
        main_test.go:6566: Unix socket parent must be caller-owned and not group/other-writable
FAIL
FAIL	github.com/hairizuan/multikernel-linux-expt/runtime/cmd/containerd-shim-multikernel-v2	8.628s
FAIL
{"evidence_command_result": {"ended_at": "2026-10-08T13:46:47.380812Z", "exit_status": 1}}
