{"evidence_command": {"argv": ["gcloud", "compute", "ssh", "mklinux-g4-g6-final-20260905", "--project=new-demo-project-462517", "--zone=asia-southeast1-b", "--command=set -euxo pipefail; sha256sum /var/tmp/mksrc-cacec0d.tar; test ! -e /var/tmp/mksrc-cacec0d; mkdir /var/tmp/mksrc-cacec0d; tar -xf /var/tmp/mksrc-cacec0d.tar -C /var/tmp/mksrc-cacec0d; cd /var/tmp/mksrc-cacec0d; bash -n scripts/runtime-cancellation-blocker.sh scripts/test-runtime-cancellation-live.sh; mkdir -p /var/tmp/cancel-go-cache /var/tmp/cancel-go-tmp; cd runtime; GOCACHE=/var/tmp/cancel-go-cache GOTMPDIR=/var/tmp/cancel-go-tmp TMPDIR=/var/tmp go test -race -v -count=100 -run \"^(TestProxiedSupervisorReapsWorkerWhenContainerdDisconnects|TestShimConnectionBridgeSurvivesWorkerReplacement|TestShimConnectionBridgeReplaysInFlightRequest|TestSupervisorRestartsSignaledWorker)$\" ./cmd/containerd-shim-multikernel-v2; cd ..; make runtime-manifest RUNTIME_VERSION=0.1.0-dev RUNTIME_REVISION=cacec0db6fef21a5721bcdef558dc30703867d89; python3 scripts/runtime-release-manifest.py runtime/bin runtime/release-manifest.json --expected-version=0.1.0-dev --expected-revision=cacec0db6fef21a5721bcdef558dc30703867d89 >/dev/null; sudo python3 scripts/manage-runtime-binaries.py install runtime/release-manifest.json runtime/bin; sudo python3 scripts/manage-runtime-binaries.py inspect; readlink -f /usr/local/lib/multikernel/current; sha256sum runtime/bin/containerd-shim-multikernel-v2; sudo sha256sum /usr/local/bin/containerd-shim-multikernel-v2; /usr/local/bin/containerd-shim-multikernel-v2 --version"], "started_at": "2026-10-08T13:24:05.638219Z"}}
+ sha256sum /var/tmp/mksrc-cacec0d.tar
b16af3c929a1fe4d34163521fa055799e65fa6e31a155eae5e9ed720ec4b7f79  /var/tmp/mksrc-cacec0d.tar
+ test '!' -e /var/tmp/mksrc-cacec0d
+ mkdir /var/tmp/mksrc-cacec0d
+ tar -xf /var/tmp/mksrc-cacec0d.tar -C /var/tmp/mksrc-cacec0d
+ cd /var/tmp/mksrc-cacec0d
+ bash -n scripts/runtime-cancellation-blocker.sh scripts/test-runtime-cancellation-live.sh
+ mkdir -p /var/tmp/cancel-go-cache /var/tmp/cancel-go-tmp
+ cd runtime
+ GOCACHE=/var/tmp/cancel-go-cache
+ GOTMPDIR=/var/tmp/cancel-go-tmp
+ TMPDIR=/var/tmp
+ go test -race -v -count=100 -run '^(TestProxiedSupervisorReapsWorkerWhenContainerdDisconnects|TestShimConnectionBridgeSurvivesWorkerReplacement|TestShimConnectionBridgeReplaysInFlightRequest|TestSupervisorRestartsSignaledWorker)$' ./cmd/containerd-shim-multikernel-v2
=== RUN   TestSupervisorRestartsSignaledWorker
multikernel shim supervisor: worker pid=9940 signal=killed restart_attempt=1
--- PASS: TestSupervisorRestartsSignaledWorker (1.15s)
=== RUN   TestShimConnectionBridgeSurvivesWorkerReplacement
--- PASS: TestShimConnectionBridgeSurvivesWorkerReplacement (0.00s)
=== RUN   TestProxiedSupervisorReapsWorkerWhenContainerdDisconnects
--- PASS: TestProxiedSupervisorReapsWorkerWhenContainerdDisconnects (0.12s)
=== RUN   TestShimConnectionBridgeReplaysInFlightRequest
--- PASS: TestShimConnectionBridgeReplaysInFlightRequest (0.00s)
=== RUN   TestSupervisorRestartsSignaledWorker
multikernel shim supervisor: worker pid=9959 signal=killed restart_attempt=1
--- PASS: TestSupervisorRestartsSignaledWorker (1.15s)
=== RUN   TestShimConnectionBridgeSurvivesWorkerReplacement
--- PASS: TestShimConnectionBridgeSurvivesWorkerReplacement (0.00s)
=== RUN   TestProxiedSupervisorReapsWorkerWhenContainerdDisconnects
--- PASS: TestProxiedSupervisorReapsWorkerWhenContainerdDisconnects (0.12s)
=== RUN   TestShimConnectionBridgeReplaysInFlightRequest
--- PASS: TestShimConnectionBridgeReplaysInFlightRequest (0.00s)
=== RUN   TestSupervisorRestartsSignaledWorker
multikernel shim supervisor: worker pid=9978 signal=killed restart_attempt=1
--- PASS: TestSupervisorRestartsSignaledWorker (1.15s)
=== RUN   TestShimConnectionBridgeSurvivesWorkerReplacement
--- PASS: TestShimConnectionBridgeSurvivesWorkerReplacement (0.00s)
=== RUN   TestProxiedSupervisorReapsWorkerWhenContainerdDisconnects
--- PASS: TestProxiedSupervisorReapsWorkerWhenContainerdDisconnects (0.12s)
=== RUN   TestShimConnectionBridgeReplaysInFlightRequest
--- PASS: TestShimConnectionBridgeReplaysInFlightRequest (0.00s)
=== RUN   TestSupervisorRestartsSignaledWorker
multikernel shim supervisor: worker pid=9996 signal=killed restart_attempt=1
--- PASS: TestSupervisorRestartsSignaledWorker (1.15s)
=== RUN   TestShimConnectionBridgeSurvivesWorkerReplacement
--- PASS: TestShimConnectionBridgeSurvivesWorkerReplacement (0.00s)
=== RUN   TestProxiedSupervisorReapsWorkerWhenContainerdDisconnects
--- PASS: TestProxiedSupervisorReapsWorkerWhenContainerdDisconnects (0.12s)
=== RUN   TestShimConnectionBridgeReplaysInFlightRequest
--- PASS: TestShimConnectionBridgeReplaysInFlightRequest (0.00s)
=== RUN   TestSupervisorRestartsSignaledWorker
multikernel shim supervisor: worker pid=10014 signal=killed restart_attempt=1
--- PASS: TestSupervisorRestartsSignaledWorker (1.15s)
=== RUN   TestShimConnectionBridgeSurvivesWorkerReplacement
--- PASS: TestShimConnectionBridgeSurvivesWorkerReplacement (0.00s)
=== RUN   TestProxiedSupervisorReapsWorkerWhenContainerdDisconnects
--- PASS: TestProxiedSupervisorReapsWorkerWhenContainerdDisconnects (0.13s)
=== RUN   TestShimConnectionBridgeReplaysInFlightRequest
--- PASS: TestShimConnectionBridgeReplaysInFlightRequest (0.00s)
=== RUN   TestSupervisorRestartsSignaledWorker
multikernel shim supervisor: worker pid=10035 signal=killed restart_attempt=1
--- PASS: TestSupervisorRestartsSignaledWorker (1.15s)
=== RUN   TestShimConnectionBridgeSurvivesWorkerReplacement
--- PASS: TestShimConnectionBridgeSurvivesWorkerReplacement (0.00s)
=== RUN   TestProxiedSupervisorReapsWorkerWhenContainerdDisconnects
--- PASS: TestProxiedSupervisorReapsWorkerWhenContainerdDisconnects (0.13s)
=== RUN   TestShimConnectionBridgeReplaysInFlightRequest
--- PASS: TestShimConnectionBridgeReplaysInFlightRequest (0.00s)
=== RUN   TestSupervisorRestartsSignaledWorker
multikernel shim supervisor: worker pid=10054 signal=killed restart_attempt=1
--- PASS: TestSupervisorRestartsSignaledWorker (1.15s)
=== RUN   TestShimConnectionBridgeSurvivesWorkerReplacement
--- PASS: TestShimConnectionBridgeSurvivesWorkerReplacement (0.00s)
=== RUN   TestProxiedSupervisorReapsWorkerWhenContainerdDisconnects
--- PASS: TestProxiedSupervisorReapsWorkerWhenContainerdDisconnects (0.13s)
=== RUN   TestShimConnectionBridgeReplaysInFlightRequest
--- PASS: TestShimConnectionBridgeReplaysInFlightRequest (0.00s)
=== RUN   TestSupervisorRestartsSignaledWorker
multikernel shim supervisor: worker pid=10072 signal=killed restart_attempt=1
--- PASS: TestSupervisorRestartsSignaledWorker (1.15s)
=== RUN   TestShimConnectionBridgeSurvivesWorkerReplacement
--- PASS: TestShimConnectionBridgeSurvivesWorkerReplacement (0.00s)
=== RUN   TestProxiedSupervisorReapsWorkerWhenContainerdDisconnects
--- PASS: TestProxiedSupervisorReapsWorkerWhenContainerdDisconnects (0.13s)
=== RUN   TestShimConnectionBridgeReplaysInFlightRequest
--- PASS: TestShimConnectionBridgeReplaysInFlightRequest (0.00s)
=== RUN   TestSupervisorRestartsSignaledWorker
multikernel shim supervisor: worker pid=10090 signal=killed restart_attempt=1
--- PASS: TestSupervisorRestartsSignaledWorker (1.15s)
=== RUN   TestShimConnectionBridgeSurvivesWorkerReplacement
--- PASS: TestShimConnectionBridgeSurvivesWorkerReplacement (0.00s)
=== RUN   TestProxiedSupervisorReapsWorkerWhenContainerdDisconnects
--- PASS: TestProxiedSupervisorReapsWorkerWhenContainerdDisconnects (0.13s)
=== RUN   TestShimConnectionBridgeReplaysInFlightRequest
--- PASS: TestShimConnectionBridgeReplaysInFlightRequest (0.00s)
=== RUN   TestSupervisorRestartsSignaledWorker
multikernel shim supervisor: worker pid=10109 signal=killed restart_attempt=1
--- PASS: TestSupervisorRestartsSignaledWorker (1.15s)
=== RUN   TestShimConnectionBridgeSurvivesWorkerReplacement
--- PASS: TestShimConnectionBridgeSurvivesWorkerReplacement (0.00s)
=== RUN   TestProxiedSupervisorReapsWorkerWhenContainerdDisconnects
--- PASS: TestProxiedSupervisorReapsWorkerWhenContainerdDisconnects (0.13s)
=== RUN   TestShimConnectionBridgeReplaysInFlightRequest
--- PASS: TestShimConnectionBridgeReplaysInFlightRequest (0.00s)
=== RUN   TestSupervisorRestartsSignaledWorker
multikernel shim supervisor: worker pid=10127 signal=killed restart_attempt=1
--- PASS: TestSupervisorRestartsSignaledWorker (1.15s)
=== RUN   TestShimConnectionBridgeSurvivesWorkerReplacement
--- PASS: TestShimConnectionBridgeSurvivesWorkerReplacement (0.00s)
=== RUN   TestProxiedSupervisorReapsWorkerWhenContainerdDisconnects
--- PASS: TestProxiedSupervisorReapsWorkerWhenContainerdDisconnects (0.12s)
=== RUN   TestShimConnectionBridgeReplaysInFlightRequest
--- PASS: TestShimConnectionBridgeReplaysInFlightRequest (0.00s)
=== RUN   TestSupervisorRestartsSignaledWorker
multikernel shim supervisor: worker pid=10145 signal=killed restart_attempt=1
--- PASS: TestSupervisorRestartsSignaledWorker (1.15s)
=== RUN   TestShimConnectionBridgeSurvivesWorkerReplacement
--- PASS: TestShimConnectionBridgeSurvivesWorkerReplacement (0.00s)
=== RUN   TestProxiedSupervisorReapsWorkerWhenContainerdDisconnects
--- PASS: TestProxiedSupervisorReapsWorkerWhenContainerdDisconnects (0.12s)
=== RUN   TestShimConnectionBridgeReplaysInFlightRequest
--- PASS: TestShimConnectionBridgeReplaysInFlightRequest (0.00s)
=== RUN   TestSupervisorRestartsSignaledWorker
multikernel shim supervisor: worker pid=10163 signal=killed restart_attempt=1
--- PASS: TestSupervisorRestartsSignaledWorker (1.15s)
=== RUN   TestShimConnectionBridgeSurvivesWorkerReplacement
--- PASS: TestShimConnectionBridgeSurvivesWorkerReplacement (0.00s)
=== RUN   TestProxiedSupervisorReapsWorkerWhenContainerdDisconnects
--- PASS: TestProxiedSupervisorReapsWorkerWhenContainerdDisconnects (0.13s)
=== RUN   TestShimConnectionBridgeReplaysInFlightRequest
--- PASS: TestShimConnectionBridgeReplaysInFlightRequest (0.00s)
=== RUN   TestSupervisorRestartsSignaledWorker
multikernel shim supervisor: worker pid=10181 signal=killed restart_attempt=1
--- PASS: TestSupervisorRestartsSignaledWorker (1.15s)
=== RUN   TestShimConnectionBridgeSurvivesWorkerReplacement
--- PASS: TestShimConnectionBridgeSurvivesWorkerReplacement (0.00s)
=== RUN   TestProxiedSupervisorReapsWorkerWhenContainerdDisconnects
--- PASS: TestProxiedSupervisorReapsWorkerWhenContainerdDisconnects (0.13s)
=== RUN   TestShimConnectionBridgeReplaysInFlightRequest
--- PASS: TestShimConnectionBridgeReplaysInFlightRequest (0.00s)
=== RUN   TestSupervisorRestartsSignaledWorker
multikernel shim supervisor: worker pid=10199 signal=killed restart_attempt=1
--- PASS: TestSupervisorRestartsSignaledWorker (1.15s)
=== RUN   TestShimConnectionBridgeSurvivesWorkerReplacement
--- PASS: TestShimConnectionBridgeSurvivesWorkerReplacement (0.00s)
=== RUN   TestProxiedSupervisorReapsWorkerWhenContainerdDisconnects
--- PASS: TestProxiedSupervisorReapsWorkerWhenContainerdDisconnects (0.12s)
=== RUN   TestShimConnectionBridgeReplaysInFlightRequest
--- PASS: TestShimConnectionBridgeReplaysInFlightRequest (0.00s)
=== RUN   TestSupervisorRestartsSignaledWorker
multikernel shim supervisor: worker pid=10218 signal=killed restart_attempt=1
--- PASS: TestSupervisorRestartsSignaledWorker (1.15s)
=== RUN   TestShimConnectionBridgeSurvivesWorkerReplacement
--- PASS: TestShimConnectionBridgeSurvivesWorkerReplacement (0.00s)
=== RUN   TestProxiedSupervisorReapsWorkerWhenContainerdDisconnects
--- PASS: TestProxiedSupervisorReapsWorkerWhenContainerdDisconnects (0.13s)
=== RUN   TestShimConnectionBridgeReplaysInFlightRequest
--- PASS: TestShimConnectionBridgeReplaysInFlightRequest (0.00s)
=== RUN   TestSupervisorRestartsSignaledWorker
multikernel shim supervisor: worker pid=10237 signal=killed restart_attempt=1
--- PASS: TestSupervisorRestartsSignaledWorker (1.15s)
=== RUN   TestShimConnectionBridgeSurvivesWorkerReplacement
--- PASS: TestShimConnectionBridgeSurvivesWorkerReplacement (0.00s)
=== RUN   TestProxiedSupervisorReapsWorkerWhenContainerdDisconnects
--- PASS: TestProxiedSupervisorReapsWorkerWhenContainerdDisconnects (0.12s)
=== RUN   TestShimConnectionBridgeReplaysInFlightRequest
--- PASS: TestShimConnectionBridgeReplaysInFlightRequest (0.00s)
=== RUN   TestSupervisorRestartsSignaledWorker
multikernel shim supervisor: worker pid=10255 signal=killed restart_attempt=1
--- PASS: TestSupervisorRestartsSignaledWorker (1.15s)
=== RUN   TestShimConnectionBridgeSurvivesWorkerReplacement
--- PASS: TestShimConnectionBridgeSurvivesWorkerReplacement (0.00s)
=== RUN   TestProxiedSupervisorReapsWorkerWhenContainerdDisconnects
--- PASS: TestProxiedSupervisorReapsWorkerWhenContainerdDisconnects (0.12s)
=== RUN   TestShimConnectionBridgeReplaysInFlightRequest
--- PASS: TestShimConnectionBridgeReplaysInFlightRequest (0.00s)
=== RUN   TestSupervisorRestartsSignaledWorker
multikernel shim supervisor: worker pid=10274 signal=killed restart_attempt=1
--- PASS: TestSupervisorRestartsSignaledWorker (1.15s)
=== RUN   TestShimConnectionBridgeSurvivesWorkerReplacement
--- PASS: TestShimConnectionBridgeSurvivesWorkerReplacement (0.00s)
=== RUN   TestProxiedSupervisorReapsWorkerWhenContainerdDisconnects
--- PASS: TestProxiedSupervisorReapsWorkerWhenContainerdDisconnects (0.12s)
=== RUN   TestShimConnectionBridgeReplaysInFlightRequest
--- PASS: TestShimConnectionBridgeReplaysInFlightRequest (0.00s)
=== RUN   TestSupervisorRestartsSignaledWorker
multikernel shim supervisor: worker pid=10292 signal=killed restart_attempt=1
--- PASS: TestSupervisorRestartsSignaledWorker (1.15s)
=== RUN   TestShimConnectionBridgeSurvivesWorkerReplacement
--- PASS: TestShimConnectionBridgeSurvivesWorkerReplacement (0.00s)
=== RUN   TestProxiedSupervisorReapsWorkerWhenContainerdDisconnects
--- PASS: TestProxiedSupervisorReapsWorkerWhenContainerdDisconnects (0.12s)
=== RUN   TestShimConnectionBridgeReplaysInFlightRequest
--- PASS: TestShimConnectionBridgeReplaysInFlightRequest (0.00s)
=== RUN   TestSupervisorRestartsSignaledWorker
multikernel shim supervisor: worker pid=10310 signal=killed restart_attempt=1
--- PASS: TestSupervisorRestartsSignaledWorker (1.15s)
=== RUN   TestShimConnectionBridgeSurvivesWorkerReplacement
--- PASS: TestShimConnectionBridgeSurvivesWorkerReplacement (0.00s)
=== RUN   TestProxiedSupervisorReapsWorkerWhenContainerdDisconnects
--- PASS: TestProxiedSupervisorReapsWorkerWhenContainerdDisconnects (0.12s)
=== RUN   TestShimConnectionBridgeReplaysInFlightRequest
--- PASS: TestShimConnectionBridgeReplaysInFlightRequest (0.00s)
=== RUN   TestSupervisorRestartsSignaledWorker
multikernel shim supervisor: worker pid=10328 signal=killed restart_attempt=1
--- PASS: TestSupervisorRestartsSignaledWorker (1.15s)
=== RUN   TestShimConnectionBridgeSurvivesWorkerReplacement
--- PASS: TestShimConnectionBridgeSurvivesWorkerReplacement (0.00s)
=== RUN   TestProxiedSupervisorReapsWorkerWhenContainerdDisconnects
--- PASS: TestProxiedSupervisorReapsWorkerWhenContainerdDisconnects (0.13s)
=== RUN   TestShimConnectionBridgeReplaysInFlightRequest
--- PASS: TestShimConnectionBridgeReplaysInFlightRequest (0.00s)
=== RUN   TestSupervisorRestartsSignaledWorker
multikernel shim supervisor: worker pid=10346 signal=killed restart_attempt=1
--- PASS: TestSupervisorRestartsSignaledWorker (1.15s)
=== RUN   TestShimConnectionBridgeSurvivesWorkerReplacement
--- PASS: TestShimConnectionBridgeSurvivesWorkerReplacement (0.00s)
=== RUN   TestProxiedSupervisorReapsWorkerWhenContainerdDisconnects
--- PASS: TestProxiedSupervisorReapsWorkerWhenContainerdDisconnects (0.14s)
=== RUN   TestShimConnectionBridgeReplaysInFlightRequest
--- PASS: TestShimConnectionBridgeReplaysInFlightRequest (0.00s)
=== RUN   TestSupervisorRestartsSignaledWorker
multikernel shim supervisor: worker pid=10364 signal=killed restart_attempt=1
--- PASS: TestSupervisorRestartsSignaledWorker (1.15s)
=== RUN   TestShimConnectionBridgeSurvivesWorkerReplacement
--- PASS: TestShimConnectionBridgeSurvivesWorkerReplacement (0.00s)
=== RUN   TestProxiedSupervisorReapsWorkerWhenContainerdDisconnects
--- PASS: TestProxiedSupervisorReapsWorkerWhenContainerdDisconnects (0.13s)
=== RUN   TestShimConnectionBridgeReplaysInFlightRequest
--- PASS: TestShimConnectionBridgeReplaysInFlightRequest (0.00s)
=== RUN   TestSupervisorRestartsSignaledWorker
multikernel shim supervisor: worker pid=10385 signal=killed restart_attempt=1
--- PASS: TestSupervisorRestartsSignaledWorker (1.15s)
=== RUN   TestShimConnectionBridgeSurvivesWorkerReplacement
--- PASS: TestShimConnectionBridgeSurvivesWorkerReplacement (0.00s)
=== RUN   TestProxiedSupervisorReapsWorkerWhenContainerdDisconnects
--- PASS: TestProxiedSupervisorReapsWorkerWhenContainerdDisconnects (0.12s)
=== RUN   TestShimConnectionBridgeReplaysInFlightRequest
--- PASS: TestShimConnectionBridgeReplaysInFlightRequest (0.00s)
=== RUN   TestSupervisorRestartsSignaledWorker
multikernel shim supervisor: worker pid=10403 signal=killed restart_attempt=1
--- PASS: TestSupervisorRestartsSignaledWorker (1.15s)
=== RUN   TestShimConnectionBridgeSurvivesWorkerReplacement
--- PASS: TestShimConnectionBridgeSurvivesWorkerReplacement (0.00s)
=== RUN   TestProxiedSupervisorReapsWorkerWhenContainerdDisconnects
--- PASS: TestProxiedSupervisorReapsWorkerWhenContainerdDisconnects (0.12s)
=== RUN   TestShimConnectionBridgeReplaysInFlightRequest
--- PASS: TestShimConnectionBridgeReplaysInFlightRequest (0.00s)
=== RUN   TestSupervisorRestartsSignaledWorker
multikernel shim supervisor: worker pid=10423 signal=killed restart_attempt=1
--- PASS: TestSupervisorRestartsSignaledWorker (1.15s)
=== RUN   TestShimConnectionBridgeSurvivesWorkerReplacement
--- PASS: TestShimConnectionBridgeSurvivesWorkerReplacement (0.00s)
=== RUN   TestProxiedSupervisorReapsWorkerWhenContainerdDisconnects
--- PASS: TestProxiedSupervisorReapsWorkerWhenContainerdDisconnects (0.12s)
=== RUN   TestShimConnectionBridgeReplaysInFlightRequest
--- PASS: TestShimConnectionBridgeReplaysInFlightRequest (0.00s)
=== RUN   TestSupervisorRestartsSignaledWorker
multikernel shim supervisor: worker pid=10441 signal=killed restart_attempt=1
--- PASS: TestSupervisorRestartsSignaledWorker (1.15s)
=== RUN   TestShimConnectionBridgeSurvivesWorkerReplacement
--- PASS: TestShimConnectionBridgeSurvivesWorkerReplacement (0.00s)
=== RUN   TestProxiedSupervisorReapsWorkerWhenContainerdDisconnects
--- PASS: TestProxiedSupervisorReapsWorkerWhenContainerdDisconnects (0.12s)
=== RUN   TestShimConnectionBridgeReplaysInFlightRequest
--- PASS: TestShimConnectionBridgeReplaysInFlightRequest (0.00s)
=== RUN   TestSupervisorRestartsSignaledWorker
multikernel shim supervisor: worker pid=10459 signal=killed restart_attempt=1
--- PASS: TestSupervisorRestartsSignaledWorker (1.15s)
=== RUN   TestShimConnectionBridgeSurvivesWorkerReplacement
--- PASS: TestShimConnectionBridgeSurvivesWorkerReplacement (0.00s)
=== RUN   TestProxiedSupervisorReapsWorkerWhenContainerdDisconnects
--- PASS: TestProxiedSupervisorReapsWorkerWhenContainerdDisconnects (0.13s)
=== RUN   TestShimConnectionBridgeReplaysInFlightRequest
--- PASS: TestShimConnectionBridgeReplaysInFlightRequest (0.00s)
=== RUN   TestSupervisorRestartsSignaledWorker
multikernel shim supervisor: worker pid=10477 signal=killed restart_attempt=1
--- PASS: TestSupervisorRestartsSignaledWorker (1.15s)
=== RUN   TestShimConnectionBridgeSurvivesWorkerReplacement
--- PASS: TestShimConnectionBridgeSurvivesWorkerReplacement (0.00s)
=== RUN   TestProxiedSupervisorReapsWorkerWhenContainerdDisconnects
--- PASS: TestProxiedSupervisorReapsWorkerWhenContainerdDisconnects (0.13s)
=== RUN   TestShimConnectionBridgeReplaysInFlightRequest
--- PASS: TestShimConnectionBridgeReplaysInFlightRequest (0.00s)
=== RUN   TestSupervisorRestartsSignaledWorker
multikernel shim supervisor: worker pid=10495 signal=killed restart_attempt=1
--- PASS: TestSupervisorRestartsSignaledWorker (1.15s)
=== RUN   TestShimConnectionBridgeSurvivesWorkerReplacement
--- PASS: TestShimConnectionBridgeSurvivesWorkerReplacement (0.00s)
=== RUN   TestProxiedSupervisorReapsWorkerWhenContainerdDisconnects
--- PASS: TestProxiedSupervisorReapsWorkerWhenContainerdDisconnects (0.13s)
=== RUN   TestShimConnectionBridgeReplaysInFlightRequest
--- PASS: TestShimConnectionBridgeReplaysInFlightRequest (0.00s)
=== RUN   TestSupervisorRestartsSignaledWorker
multikernel shim supervisor: worker pid=10514 signal=killed restart_attempt=1
--- PASS: TestSupervisorRestartsSignaledWorker (1.15s)
=== RUN   TestShimConnectionBridgeSurvivesWorkerReplacement
--- PASS: TestShimConnectionBridgeSurvivesWorkerReplacement (0.00s)
=== RUN   TestProxiedSupervisorReapsWorkerWhenContainerdDisconnects
--- PASS: TestProxiedSupervisorReapsWorkerWhenContainerdDisconnects (0.12s)
=== RUN   TestShimConnectionBridgeReplaysInFlightRequest
--- PASS: TestShimConnectionBridgeReplaysInFlightRequest (0.00s)
=== RUN   TestSupervisorRestartsSignaledWorker
multikernel shim supervisor: worker pid=10532 signal=killed restart_attempt=1
--- PASS: TestSupervisorRestartsSignaledWorker (1.15s)
=== RUN   TestShimConnectionBridgeSurvivesWorkerReplacement
--- PASS: TestShimConnectionBridgeSurvivesWorkerReplacement (0.00s)
=== RUN   TestProxiedSupervisorReapsWorkerWhenContainerdDisconnects
--- PASS: TestProxiedSupervisorReapsWorkerWhenContainerdDisconnects (0.13s)
=== RUN   TestShimConnectionBridgeReplaysInFlightRequest
--- PASS: TestShimConnectionBridgeReplaysInFlightRequest (0.00s)
=== RUN   TestSupervisorRestartsSignaledWorker
multikernel shim supervisor: worker pid=10551 signal=killed restart_attempt=1
--- PASS: TestSupervisorRestartsSignaledWorker (1.15s)
=== RUN   TestShimConnectionBridgeSurvivesWorkerReplacement
--- PASS: TestShimConnectionBridgeSurvivesWorkerReplacement (0.00s)
=== RUN   TestProxiedSupervisorReapsWorkerWhenContainerdDisconnects
--- PASS: TestProxiedSupervisorReapsWorkerWhenContainerdDisconnects (0.12s)
=== RUN   TestShimConnectionBridgeReplaysInFlightRequest
--- PASS: TestShimConnectionBridgeReplaysInFlightRequest (0.00s)
=== RUN   TestSupervisorRestartsSignaledWorker
multikernel shim supervisor: worker pid=10569 signal=killed restart_attempt=1
--- PASS: TestSupervisorRestartsSignaledWorker (1.15s)
=== RUN   TestShimConnectionBridgeSurvivesWorkerReplacement
--- PASS: TestShimConnectionBridgeSurvivesWorkerReplacement (0.00s)
=== RUN   TestProxiedSupervisorReapsWorkerWhenContainerdDisconnects
--- PASS: TestProxiedSupervisorReapsWorkerWhenContainerdDisconnects (0.12s)
=== RUN   TestShimConnectionBridgeReplaysInFlightRequest
--- PASS: TestShimConnectionBridgeReplaysInFlightRequest (0.00s)
=== RUN   TestSupervisorRestartsSignaledWorker
multikernel shim supervisor: worker pid=10588 signal=killed restart_attempt=1
--- PASS: TestSupervisorRestartsSignaledWorker (1.15s)
=== RUN   TestShimConnectionBridgeSurvivesWorkerReplacement
--- PASS: TestShimConnectionBridgeSurvivesWorkerReplacement (0.00s)
=== RUN   TestProxiedSupervisorReapsWorkerWhenContainerdDisconnects
--- PASS: TestProxiedSupervisorReapsWorkerWhenContainerdDisconnects (0.12s)
=== RUN   TestShimConnectionBridgeReplaysInFlightRequest
--- PASS: TestShimConnectionBridgeReplaysInFlightRequest (0.00s)
=== RUN   TestSupervisorRestartsSignaledWorker
multikernel shim supervisor: worker pid=10606 signal=killed restart_attempt=1
--- PASS: TestSupervisorRestartsSignaledWorker (1.15s)
=== RUN   TestShimConnectionBridgeSurvivesWorkerReplacement
--- PASS: TestShimConnectionBridgeSurvivesWorkerReplacement (0.00s)
=== RUN   TestProxiedSupervisorReapsWorkerWhenContainerdDisconnects
--- PASS: TestProxiedSupervisorReapsWorkerWhenContainerdDisconnects (0.13s)
=== RUN   TestShimConnectionBridgeReplaysInFlightRequest
--- PASS: TestShimConnectionBridgeReplaysInFlightRequest (0.00s)
=== RUN   TestSupervisorRestartsSignaledWorker
multikernel shim supervisor: worker pid=10626 signal=killed restart_attempt=1
--- PASS: TestSupervisorRestartsSignaledWorker (1.15s)
=== RUN   TestShimConnectionBridgeSurvivesWorkerReplacement
--- PASS: TestShimConnectionBridgeSurvivesWorkerReplacement (0.00s)
=== RUN   TestProxiedSupervisorReapsWorkerWhenContainerdDisconnects
--- PASS: TestProxiedSupervisorReapsWorkerWhenContainerdDisconnects (0.13s)
=== RUN   TestShimConnectionBridgeReplaysInFlightRequest
--- PASS: TestShimConnectionBridgeReplaysInFlightRequest (0.00s)
=== RUN   TestSupervisorRestartsSignaledWorker
multikernel shim supervisor: worker pid=10645 signal=killed restart_attempt=1
--- PASS: TestSupervisorRestartsSignaledWorker (1.15s)
=== RUN   TestShimConnectionBridgeSurvivesWorkerReplacement
--- PASS: TestShimConnectionBridgeSurvivesWorkerReplacement (0.00s)
=== RUN   TestProxiedSupervisorReapsWorkerWhenContainerdDisconnects
--- PASS: TestProxiedSupervisorReapsWorkerWhenContainerdDisconnects (0.12s)
=== RUN   TestShimConnectionBridgeReplaysInFlightRequest
--- PASS: TestShimConnectionBridgeReplaysInFlightRequest (0.00s)
=== RUN   TestSupervisorRestartsSignaledWorker
multikernel shim supervisor: worker pid=10664 signal=killed restart_attempt=1
--- PASS: TestSupervisorRestartsSignaledWorker (1.15s)
=== RUN   TestShimConnectionBridgeSurvivesWorkerReplacement
--- PASS: TestShimConnectionBridgeSurvivesWorkerReplacement (0.00s)
=== RUN   TestProxiedSupervisorReapsWorkerWhenContainerdDisconnects
--- PASS: TestProxiedSupervisorReapsWorkerWhenContainerdDisconnects (0.12s)
=== RUN   TestShimConnectionBridgeReplaysInFlightRequest
--- PASS: TestShimConnectionBridgeReplaysInFlightRequest (0.00s)
=== RUN   TestSupervisorRestartsSignaledWorker
multikernel shim supervisor: worker pid=10682 signal=killed restart_attempt=1
--- PASS: TestSupervisorRestartsSignaledWorker (1.15s)
=== RUN   TestShimConnectionBridgeSurvivesWorkerReplacement
--- PASS: TestShimConnectionBridgeSurvivesWorkerReplacement (0.00s)
=== RUN   TestProxiedSupervisorReapsWorkerWhenContainerdDisconnects
--- PASS: TestProxiedSupervisorReapsWorkerWhenContainerdDisconnects (0.12s)
=== RUN   TestShimConnectionBridgeReplaysInFlightRequest
--- PASS: TestShimConnectionBridgeReplaysInFlightRequest (0.00s)
=== RUN   TestSupervisorRestartsSignaledWorker
multikernel shim supervisor: worker pid=10700 signal=killed restart_attempt=1
--- PASS: TestSupervisorRestartsSignaledWorker (1.15s)
=== RUN   TestShimConnectionBridgeSurvivesWorkerReplacement
--- PASS: TestShimConnectionBridgeSurvivesWorkerReplacement (0.00s)
=== RUN   TestProxiedSupervisorReapsWorkerWhenContainerdDisconnects
--- PASS: TestProxiedSupervisorReapsWorkerWhenContainerdDisconnects (0.13s)
=== RUN   TestShimConnectionBridgeReplaysInFlightRequest
--- PASS: TestShimConnectionBridgeReplaysInFlightRequest (0.00s)
=== RUN   TestSupervisorRestartsSignaledWorker
multikernel shim supervisor: worker pid=10718 signal=killed restart_attempt=1
--- PASS: TestSupervisorRestartsSignaledWorker (1.15s)
=== RUN   TestShimConnectionBridgeSurvivesWorkerReplacement
--- PASS: TestShimConnectionBridgeSurvivesWorkerReplacement (0.00s)
=== RUN   TestProxiedSupervisorReapsWorkerWhenContainerdDisconnects
--- PASS: TestProxiedSupervisorReapsWorkerWhenContainerdDisconnects (0.12s)
=== RUN   TestShimConnectionBridgeReplaysInFlightRequest
--- PASS: TestShimConnectionBridgeReplaysInFlightRequest (0.00s)
=== RUN   TestSupervisorRestartsSignaledWorker
multikernel shim supervisor: worker pid=10736 signal=killed restart_attempt=1
--- PASS: TestSupervisorRestartsSignaledWorker (1.15s)
=== RUN   TestShimConnectionBridgeSurvivesWorkerReplacement
--- PASS: TestShimConnectionBridgeSurvivesWorkerReplacement (0.00s)
=== RUN   TestProxiedSupervisorReapsWorkerWhenContainerdDisconnects
--- PASS: TestProxiedSupervisorReapsWorkerWhenContainerdDisconnects (0.14s)
=== RUN   TestShimConnectionBridgeReplaysInFlightRequest
--- PASS: TestShimConnectionBridgeReplaysInFlightRequest (0.00s)
=== RUN   TestSupervisorRestartsSignaledWorker
multikernel shim supervisor: worker pid=10754 signal=killed restart_attempt=1
--- PASS: TestSupervisorRestartsSignaledWorker (1.15s)
=== RUN   TestShimConnectionBridgeSurvivesWorkerReplacement
--- PASS: TestShimConnectionBridgeSurvivesWorkerReplacement (0.00s)
=== RUN   TestProxiedSupervisorReapsWorkerWhenContainerdDisconnects
--- PASS: TestProxiedSupervisorReapsWorkerWhenContainerdDisconnects (0.12s)
=== RUN   TestShimConnectionBridgeReplaysInFlightRequest
--- PASS: TestShimConnectionBridgeReplaysInFlightRequest (0.00s)
=== RUN   TestSupervisorRestartsSignaledWorker
multikernel shim supervisor: worker pid=10772 signal=killed restart_attempt=1
--- PASS: TestSupervisorRestartsSignaledWorker (1.15s)
=== RUN   TestShimConnectionBridgeSurvivesWorkerReplacement
--- PASS: TestShimConnectionBridgeSurvivesWorkerReplacement (0.00s)
=== RUN   TestProxiedSupervisorReapsWorkerWhenContainerdDisconnects
--- PASS: TestProxiedSupervisorReapsWorkerWhenContainerdDisconnects (0.13s)
=== RUN   TestShimConnectionBridgeReplaysInFlightRequest
--- PASS: TestShimConnectionBridgeReplaysInFlightRequest (0.00s)
=== RUN   TestSupervisorRestartsSignaledWorker
multikernel shim supervisor: worker pid=10791 signal=killed restart_attempt=1
--- PASS: TestSupervisorRestartsSignaledWorker (1.15s)
=== RUN   TestShimConnectionBridgeSurvivesWorkerReplacement
--- PASS: TestShimConnectionBridgeSurvivesWorkerReplacement (0.00s)
=== RUN   TestProxiedSupervisorReapsWorkerWhenContainerdDisconnects
--- PASS: TestProxiedSupervisorReapsWorkerWhenContainerdDisconnects (0.14s)
=== RUN   TestShimConnectionBridgeReplaysInFlightRequest
--- PASS: TestShimConnectionBridgeReplaysInFlightRequest (0.00s)
=== RUN   TestSupervisorRestartsSignaledWorker
multikernel shim supervisor: worker pid=10812 signal=killed restart_attempt=1
--- PASS: TestSupervisorRestartsSignaledWorker (1.15s)
=== RUN   TestShimConnectionBridgeSurvivesWorkerReplacement
--- PASS: TestShimConnectionBridgeSurvivesWorkerReplacement (0.00s)
=== RUN   TestProxiedSupervisorReapsWorkerWhenContainerdDisconnects
--- PASS: TestProxiedSupervisorReapsWorkerWhenContainerdDisconnects (0.14s)
=== RUN   TestShimConnectionBridgeReplaysInFlightRequest
--- PASS: TestShimConnectionBridgeReplaysInFlightRequest (0.00s)
=== RUN   TestSupervisorRestartsSignaledWorker
multikernel shim supervisor: worker pid=10831 signal=killed restart_attempt=1
--- PASS: TestSupervisorRestartsSignaledWorker (1.15s)
=== RUN   TestShimConnectionBridgeSurvivesWorkerReplacement
--- PASS: TestShimConnectionBridgeSurvivesWorkerReplacement (0.00s)
=== RUN   TestProxiedSupervisorReapsWorkerWhenContainerdDisconnects
--- PASS: TestProxiedSupervisorReapsWorkerWhenContainerdDisconnects (0.14s)
=== RUN   TestShimConnectionBridgeReplaysInFlightRequest
--- PASS: TestShimConnectionBridgeReplaysInFlightRequest (0.00s)
=== RUN   TestSupervisorRestartsSignaledWorker
multikernel shim supervisor: worker pid=10849 signal=killed restart_attempt=1
--- PASS: TestSupervisorRestartsSignaledWorker (1.15s)
=== RUN   TestShimConnectionBridgeSurvivesWorkerReplacement
--- PASS: TestShimConnectionBridgeSurvivesWorkerReplacement (0.00s)
=== RUN   TestProxiedSupervisorReapsWorkerWhenContainerdDisconnects
--- PASS: TestProxiedSupervisorReapsWorkerWhenContainerdDisconnects (0.12s)
=== RUN   TestShimConnectionBridgeReplaysInFlightRequest
--- PASS: TestShimConnectionBridgeReplaysInFlightRequest (0.00s)
=== RUN   TestSupervisorRestartsSignaledWorker
multikernel shim supervisor: worker pid=10867 signal=killed restart_attempt=1
--- PASS: TestSupervisorRestartsSignaledWorker (1.15s)
=== RUN   TestShimConnectionBridgeSurvivesWorkerReplacement
--- PASS: TestShimConnectionBridgeSurvivesWorkerReplacement (0.00s)
=== RUN   TestProxiedSupervisorReapsWorkerWhenContainerdDisconnects
--- PASS: TestProxiedSupervisorReapsWorkerWhenContainerdDisconnects (0.13s)
=== RUN   TestShimConnectionBridgeReplaysInFlightRequest
--- PASS: TestShimConnectionBridgeReplaysInFlightRequest (0.00s)
=== RUN   TestSupervisorRestartsSignaledWorker
multikernel shim supervisor: worker pid=10886 signal=killed restart_attempt=1
--- PASS: TestSupervisorRestartsSignaledWorker (1.15s)
=== RUN   TestShimConnectionBridgeSurvivesWorkerReplacement
--- PASS: TestShimConnectionBridgeSurvivesWorkerReplacement (0.00s)
=== RUN   TestProxiedSupervisorReapsWorkerWhenContainerdDisconnects
--- PASS: TestProxiedSupervisorReapsWorkerWhenContainerdDisconnects (0.12s)
=== RUN   TestShimConnectionBridgeReplaysInFlightRequest
--- PASS: TestShimConnectionBridgeReplaysInFlightRequest (0.00s)
=== RUN   TestSupervisorRestartsSignaledWorker
multikernel shim supervisor: worker pid=10904 signal=killed restart_attempt=1
--- PASS: TestSupervisorRestartsSignaledWorker (1.15s)
=== RUN   TestShimConnectionBridgeSurvivesWorkerReplacement
--- PASS: TestShimConnectionBridgeSurvivesWorkerReplacement (0.00s)
=== RUN   TestProxiedSupervisorReapsWorkerWhenContainerdDisconnects
--- PASS: TestProxiedSupervisorReapsWorkerWhenContainerdDisconnects (0.12s)
=== RUN   TestShimConnectionBridgeReplaysInFlightRequest
--- PASS: TestShimConnectionBridgeReplaysInFlightRequest (0.00s)
=== RUN   TestSupervisorRestartsSignaledWorker
multikernel shim supervisor: worker pid=10922 signal=killed restart_attempt=1
--- PASS: TestSupervisorRestartsSignaledWorker (1.15s)
=== RUN   TestShimConnectionBridgeSurvivesWorkerReplacement
--- PASS: TestShimConnectionBridgeSurvivesWorkerReplacement (0.00s)
=== RUN   TestProxiedSupervisorReapsWorkerWhenContainerdDisconnects
--- PASS: TestProxiedSupervisorReapsWorkerWhenContainerdDisconnects (0.12s)
=== RUN   TestShimConnectionBridgeReplaysInFlightRequest
--- PASS: TestShimConnectionBridgeReplaysInFlightRequest (0.00s)
=== RUN   TestSupervisorRestartsSignaledWorker
multikernel shim supervisor: worker pid=10941 signal=killed restart_attempt=1
--- PASS: TestSupervisorRestartsSignaledWorker (1.15s)
=== RUN   TestShimConnectionBridgeSurvivesWorkerReplacement
--- PASS: TestShimConnectionBridgeSurvivesWorkerReplacement (0.00s)
=== RUN   TestProxiedSupervisorReapsWorkerWhenContainerdDisconnects
--- PASS: TestProxiedSupervisorReapsWorkerWhenContainerdDisconnects (0.12s)
=== RUN   TestShimConnectionBridgeReplaysInFlightRequest
--- PASS: TestShimConnectionBridgeReplaysInFlightRequest (0.00s)
=== RUN   TestSupervisorRestartsSignaledWorker
multikernel shim supervisor: worker pid=10959 signal=killed restart_attempt=1
--- PASS: TestSupervisorRestartsSignaledWorker (1.15s)
=== RUN   TestShimConnectionBridgeSurvivesWorkerReplacement
--- PASS: TestShimConnectionBridgeSurvivesWorkerReplacement (0.00s)
=== RUN   TestProxiedSupervisorReapsWorkerWhenContainerdDisconnects
--- PASS: TestProxiedSupervisorReapsWorkerWhenContainerdDisconnects (0.12s)
=== RUN   TestShimConnectionBridgeReplaysInFlightRequest
--- PASS: TestShimConnectionBridgeReplaysInFlightRequest (0.00s)
=== RUN   TestSupervisorRestartsSignaledWorker
multikernel shim supervisor: worker pid=10977 signal=killed restart_attempt=1
--- PASS: TestSupervisorRestartsSignaledWorker (1.15s)
=== RUN   TestShimConnectionBridgeSurvivesWorkerReplacement
--- PASS: TestShimConnectionBridgeSurvivesWorkerReplacement (0.00s)
=== RUN   TestProxiedSupervisorReapsWorkerWhenContainerdDisconnects
--- PASS: TestProxiedSupervisorReapsWorkerWhenContainerdDisconnects (0.12s)
=== RUN   TestShimConnectionBridgeReplaysInFlightRequest
--- PASS: TestShimConnectionBridgeReplaysInFlightRequest (0.00s)
=== RUN   TestSupervisorRestartsSignaledWorker
multikernel shim supervisor: worker pid=10996 signal=killed restart_attempt=1
--- PASS: TestSupervisorRestartsSignaledWorker (1.15s)
=== RUN   TestShimConnectionBridgeSurvivesWorkerReplacement
--- PASS: TestShimConnectionBridgeSurvivesWorkerReplacement (0.00s)
=== RUN   TestProxiedSupervisorReapsWorkerWhenContainerdDisconnects
--- PASS: TestProxiedSupervisorReapsWorkerWhenContainerdDisconnects (0.12s)
=== RUN   TestShimConnectionBridgeReplaysInFlightRequest
--- PASS: TestShimConnectionBridgeReplaysInFlightRequest (0.00s)
=== RUN   TestSupervisorRestartsSignaledWorker
multikernel shim supervisor: worker pid=11015 signal=killed restart_attempt=1
--- PASS: TestSupervisorRestartsSignaledWorker (1.15s)
=== RUN   TestShimConnectionBridgeSurvivesWorkerReplacement
--- PASS: TestShimConnectionBridgeSurvivesWorkerReplacement (0.00s)
=== RUN   TestProxiedSupervisorReapsWorkerWhenContainerdDisconnects
--- PASS: TestProxiedSupervisorReapsWorkerWhenContainerdDisconnects (0.12s)
=== RUN   TestShimConnectionBridgeReplaysInFlightRequest
--- PASS: TestShimConnectionBridgeReplaysInFlightRequest (0.00s)
=== RUN   TestSupervisorRestartsSignaledWorker
multikernel shim supervisor: worker pid=11034 signal=killed restart_attempt=1
--- PASS: TestSupervisorRestartsSignaledWorker (1.15s)
=== RUN   TestShimConnectionBridgeSurvivesWorkerReplacement
--- PASS: TestShimConnectionBridgeSurvivesWorkerReplacement (0.00s)
=== RUN   TestProxiedSupervisorReapsWorkerWhenContainerdDisconnects
--- PASS: TestProxiedSupervisorReapsWorkerWhenContainerdDisconnects (0.13s)
=== RUN   TestShimConnectionBridgeReplaysInFlightRequest
--- PASS: TestShimConnectionBridgeReplaysInFlightRequest (0.00s)
=== RUN   TestSupervisorRestartsSignaledWorker
multikernel shim supervisor: worker pid=11052 signal=killed restart_attempt=1
--- PASS: TestSupervisorRestartsSignaledWorker (1.15s)
=== RUN   TestShimConnectionBridgeSurvivesWorkerReplacement
--- PASS: TestShimConnectionBridgeSurvivesWorkerReplacement (0.00s)
=== RUN   TestProxiedSupervisorReapsWorkerWhenContainerdDisconnects
--- PASS: TestProxiedSupervisorReapsWorkerWhenContainerdDisconnects (0.14s)
=== RUN   TestShimConnectionBridgeReplaysInFlightRequest
--- PASS: TestShimConnectionBridgeReplaysInFlightRequest (0.00s)
=== RUN   TestSupervisorRestartsSignaledWorker
multikernel shim supervisor: worker pid=11071 signal=killed restart_attempt=1
--- PASS: TestSupervisorRestartsSignaledWorker (1.15s)
=== RUN   TestShimConnectionBridgeSurvivesWorkerReplacement
--- PASS: TestShimConnectionBridgeSurvivesWorkerReplacement (0.00s)
=== RUN   TestProxiedSupervisorReapsWorkerWhenContainerdDisconnects
--- PASS: TestProxiedSupervisorReapsWorkerWhenContainerdDisconnects (0.12s)
=== RUN   TestShimConnectionBridgeReplaysInFlightRequest
--- PASS: TestShimConnectionBridgeReplaysInFlightRequest (0.00s)
=== RUN   TestSupervisorRestartsSignaledWorker
multikernel shim supervisor: worker pid=11090 signal=killed restart_attempt=1
--- PASS: TestSupervisorRestartsSignaledWorker (1.15s)
=== RUN   TestShimConnectionBridgeSurvivesWorkerReplacement
--- PASS: TestShimConnectionBridgeSurvivesWorkerReplacement (0.00s)
=== RUN   TestProxiedSupervisorReapsWorkerWhenContainerdDisconnects
--- PASS: TestProxiedSupervisorReapsWorkerWhenContainerdDisconnects (0.13s)
=== RUN   TestShimConnectionBridgeReplaysInFlightRequest
--- PASS: TestShimConnectionBridgeReplaysInFlightRequest (0.00s)
=== RUN   TestSupervisorRestartsSignaledWorker
multikernel shim supervisor: worker pid=11108 signal=killed restart_attempt=1
--- PASS: TestSupervisorRestartsSignaledWorker (1.15s)
=== RUN   TestShimConnectionBridgeSurvivesWorkerReplacement
--- PASS: TestShimConnectionBridgeSurvivesWorkerReplacement (0.00s)
=== RUN   TestProxiedSupervisorReapsWorkerWhenContainerdDisconnects
--- PASS: TestProxiedSupervisorReapsWorkerWhenContainerdDisconnects (0.12s)
=== RUN   TestShimConnectionBridgeReplaysInFlightRequest
--- PASS: TestShimConnectionBridgeReplaysInFlightRequest (0.00s)
=== RUN   TestSupervisorRestartsSignaledWorker
multikernel shim supervisor: worker pid=11127 signal=killed restart_attempt=1
--- PASS: TestSupervisorRestartsSignaledWorker (1.15s)
=== RUN   TestShimConnectionBridgeSurvivesWorkerReplacement
--- PASS: TestShimConnectionBridgeSurvivesWorkerReplacement (0.00s)
=== RUN   TestProxiedSupervisorReapsWorkerWhenContainerdDisconnects
--- PASS: TestProxiedSupervisorReapsWorkerWhenContainerdDisconnects (0.12s)
=== RUN   TestShimConnectionBridgeReplaysInFlightRequest
--- PASS: TestShimConnectionBridgeReplaysInFlightRequest (0.00s)
=== RUN   TestSupervisorRestartsSignaledWorker
multikernel shim supervisor: worker pid=11145 signal=killed restart_attempt=1
--- PASS: TestSupervisorRestartsSignaledWorker (1.15s)
=== RUN   TestShimConnectionBridgeSurvivesWorkerReplacement
--- PASS: TestShimConnectionBridgeSurvivesWorkerReplacement (0.00s)
=== RUN   TestProxiedSupervisorReapsWorkerWhenContainerdDisconnects
--- PASS: TestProxiedSupervisorReapsWorkerWhenContainerdDisconnects (0.12s)
=== RUN   TestShimConnectionBridgeReplaysInFlightRequest
--- PASS: TestShimConnectionBridgeReplaysInFlightRequest (0.00s)
=== RUN   TestSupervisorRestartsSignaledWorker
multikernel shim supervisor: worker pid=11163 signal=killed restart_attempt=1
--- PASS: TestSupervisorRestartsSignaledWorker (1.15s)
=== RUN   TestShimConnectionBridgeSurvivesWorkerReplacement
--- PASS: TestShimConnectionBridgeSurvivesWorkerReplacement (0.00s)
=== RUN   TestProxiedSupervisorReapsWorkerWhenContainerdDisconnects
--- PASS: TestProxiedSupervisorReapsWorkerWhenContainerdDisconnects (0.13s)
=== RUN   TestShimConnectionBridgeReplaysInFlightRequest
--- PASS: TestShimConnectionBridgeReplaysInFlightRequest (0.00s)
=== RUN   TestSupervisorRestartsSignaledWorker
multikernel shim supervisor: worker pid=11181 signal=killed restart_attempt=1
--- PASS: TestSupervisorRestartsSignaledWorker (1.15s)
=== RUN   TestShimConnectionBridgeSurvivesWorkerReplacement
--- PASS: TestShimConnectionBridgeSurvivesWorkerReplacement (0.00s)
=== RUN   TestProxiedSupervisorReapsWorkerWhenContainerdDisconnects
--- PASS: TestProxiedSupervisorReapsWorkerWhenContainerdDisconnects (0.12s)
=== RUN   TestShimConnectionBridgeReplaysInFlightRequest
--- PASS: TestShimConnectionBridgeReplaysInFlightRequest (0.00s)
=== RUN   TestSupervisorRestartsSignaledWorker
multikernel shim supervisor: worker pid=11199 signal=killed restart_attempt=1
--- PASS: TestSupervisorRestartsSignaledWorker (1.15s)
=== RUN   TestShimConnectionBridgeSurvivesWorkerReplacement
--- PASS: TestShimConnectionBridgeSurvivesWorkerReplacement (0.00s)
=== RUN   TestProxiedSupervisorReapsWorkerWhenContainerdDisconnects
--- PASS: TestProxiedSupervisorReapsWorkerWhenContainerdDisconnects (0.13s)
=== RUN   TestShimConnectionBridgeReplaysInFlightRequest
--- PASS: TestShimConnectionBridgeReplaysInFlightRequest (0.00s)
=== RUN   TestSupervisorRestartsSignaledWorker
multikernel shim supervisor: worker pid=11217 signal=killed restart_attempt=1
--- PASS: TestSupervisorRestartsSignaledWorker (1.15s)
=== RUN   TestShimConnectionBridgeSurvivesWorkerReplacement
--- PASS: TestShimConnectionBridgeSurvivesWorkerReplacement (0.00s)
=== RUN   TestProxiedSupervisorReapsWorkerWhenContainerdDisconnects
--- PASS: TestProxiedSupervisorReapsWorkerWhenContainerdDisconnects (0.12s)
=== RUN   TestShimConnectionBridgeReplaysInFlightRequest
--- PASS: TestShimConnectionBridgeReplaysInFlightRequest (0.00s)
=== RUN   TestSupervisorRestartsSignaledWorker
multikernel shim supervisor: worker pid=11236 signal=killed restart_attempt=1
--- PASS: TestSupervisorRestartsSignaledWorker (1.15s)
=== RUN   TestShimConnectionBridgeSurvivesWorkerReplacement
--- PASS: TestShimConnectionBridgeSurvivesWorkerReplacement (0.00s)
=== RUN   TestProxiedSupervisorReapsWorkerWhenContainerdDisconnects
--- PASS: TestProxiedSupervisorReapsWorkerWhenContainerdDisconnects (0.13s)
=== RUN   TestShimConnectionBridgeReplaysInFlightRequest
--- PASS: TestShimConnectionBridgeReplaysInFlightRequest (0.00s)
=== RUN   TestSupervisorRestartsSignaledWorker
multikernel shim supervisor: worker pid=11254 signal=killed restart_attempt=1
--- PASS: TestSupervisorRestartsSignaledWorker (1.15s)
=== RUN   TestShimConnectionBridgeSurvivesWorkerReplacement
--- PASS: TestShimConnectionBridgeSurvivesWorkerReplacement (0.00s)
=== RUN   TestProxiedSupervisorReapsWorkerWhenContainerdDisconnects
--- PASS: TestProxiedSupervisorReapsWorkerWhenContainerdDisconnects (0.12s)
=== RUN   TestShimConnectionBridgeReplaysInFlightRequest
--- PASS: TestShimConnectionBridgeReplaysInFlightRequest (0.00s)
=== RUN   TestSupervisorRestartsSignaledWorker
multikernel shim supervisor: worker pid=11272 signal=killed restart_attempt=1
--- PASS: TestSupervisorRestartsSignaledWorker (1.15s)
=== RUN   TestShimConnectionBridgeSurvivesWorkerReplacement
--- PASS: TestShimConnectionBridgeSurvivesWorkerReplacement (0.00s)
=== RUN   TestProxiedSupervisorReapsWorkerWhenContainerdDisconnects
--- PASS: TestProxiedSupervisorReapsWorkerWhenContainerdDisconnects (0.12s)
=== RUN   TestShimConnectionBridgeReplaysInFlightRequest
--- PASS: TestShimConnectionBridgeReplaysInFlightRequest (0.00s)
=== RUN   TestSupervisorRestartsSignaledWorker
multikernel shim supervisor: worker pid=11291 signal=killed restart_attempt=1
--- PASS: TestSupervisorRestartsSignaledWorker (1.15s)
=== RUN   TestShimConnectionBridgeSurvivesWorkerReplacement
--- PASS: TestShimConnectionBridgeSurvivesWorkerReplacement (0.00s)
=== RUN   TestProxiedSupervisorReapsWorkerWhenContainerdDisconnects
--- PASS: TestProxiedSupervisorReapsWorkerWhenContainerdDisconnects (0.12s)
=== RUN   TestShimConnectionBridgeReplaysInFlightRequest
--- PASS: TestShimConnectionBridgeReplaysInFlightRequest (0.00s)
=== RUN   TestSupervisorRestartsSignaledWorker
multikernel shim supervisor: worker pid=11310 signal=killed restart_attempt=1
--- PASS: TestSupervisorRestartsSignaledWorker (1.15s)
=== RUN   TestShimConnectionBridgeSurvivesWorkerReplacement
--- PASS: TestShimConnectionBridgeSurvivesWorkerReplacement (0.00s)
=== RUN   TestProxiedSupervisorReapsWorkerWhenContainerdDisconnects
--- PASS: TestProxiedSupervisorReapsWorkerWhenContainerdDisconnects (0.12s)
=== RUN   TestShimConnectionBridgeReplaysInFlightRequest
--- PASS: TestShimConnectionBridgeReplaysInFlightRequest (0.00s)
=== RUN   TestSupervisorRestartsSignaledWorker
multikernel shim supervisor: worker pid=11329 signal=killed restart_attempt=1
--- PASS: TestSupervisorRestartsSignaledWorker (1.15s)
=== RUN   TestShimConnectionBridgeSurvivesWorkerReplacement
--- PASS: TestShimConnectionBridgeSurvivesWorkerReplacement (0.00s)
=== RUN   TestProxiedSupervisorReapsWorkerWhenContainerdDisconnects
--- PASS: TestProxiedSupervisorReapsWorkerWhenContainerdDisconnects (0.12s)
=== RUN   TestShimConnectionBridgeReplaysInFlightRequest
--- PASS: TestShimConnectionBridgeReplaysInFlightRequest (0.00s)
=== RUN   TestSupervisorRestartsSignaledWorker
multikernel shim supervisor: worker pid=11347 signal=killed restart_attempt=1
--- PASS: TestSupervisorRestartsSignaledWorker (1.15s)
=== RUN   TestShimConnectionBridgeSurvivesWorkerReplacement
--- PASS: TestShimConnectionBridgeSurvivesWorkerReplacement (0.00s)
=== RUN   TestProxiedSupervisorReapsWorkerWhenContainerdDisconnects
--- PASS: TestProxiedSupervisorReapsWorkerWhenContainerdDisconnects (0.13s)
=== RUN   TestShimConnectionBridgeReplaysInFlightRequest
--- PASS: TestShimConnectionBridgeReplaysInFlightRequest (0.00s)
=== RUN   TestSupervisorRestartsSignaledWorker
multikernel shim supervisor: worker pid=11366 signal=killed restart_attempt=1
--- PASS: TestSupervisorRestartsSignaledWorker (1.15s)
=== RUN   TestShimConnectionBridgeSurvivesWorkerReplacement
--- PASS: TestShimConnectionBridgeSurvivesWorkerReplacement (0.00s)
=== RUN   TestProxiedSupervisorReapsWorkerWhenContainerdDisconnects
--- PASS: TestProxiedSupervisorReapsWorkerWhenContainerdDisconnects (0.12s)
=== RUN   TestShimConnectionBridgeReplaysInFlightRequest
--- PASS: TestShimConnectionBridgeReplaysInFlightRequest (0.00s)
=== RUN   TestSupervisorRestartsSignaledWorker
multikernel shim supervisor: worker pid=11386 signal=killed restart_attempt=1
--- PASS: TestSupervisorRestartsSignaledWorker (1.15s)
=== RUN   TestShimConnectionBridgeSurvivesWorkerReplacement
--- PASS: TestShimConnectionBridgeSurvivesWorkerReplacement (0.00s)
=== RUN   TestProxiedSupervisorReapsWorkerWhenContainerdDisconnects
--- PASS: TestProxiedSupervisorReapsWorkerWhenContainerdDisconnects (0.12s)
=== RUN   TestShimConnectionBridgeReplaysInFlightRequest
--- PASS: TestShimConnectionBridgeReplaysInFlightRequest (0.00s)
=== RUN   TestSupervisorRestartsSignaledWorker
multikernel shim supervisor: worker pid=11404 signal=killed restart_attempt=1
--- PASS: TestSupervisorRestartsSignaledWorker (1.15s)
=== RUN   TestShimConnectionBridgeSurvivesWorkerReplacement
--- PASS: TestShimConnectionBridgeSurvivesWorkerReplacement (0.00s)
=== RUN   TestProxiedSupervisorReapsWorkerWhenContainerdDisconnects
--- PASS: TestProxiedSupervisorReapsWorkerWhenContainerdDisconnects (0.12s)
=== RUN   TestShimConnectionBridgeReplaysInFlightRequest
--- PASS: TestShimConnectionBridgeReplaysInFlightRequest (0.00s)
=== RUN   TestSupervisorRestartsSignaledWorker
multikernel shim supervisor: worker pid=11422 signal=killed restart_attempt=1
--- PASS: TestSupervisorRestartsSignaledWorker (1.15s)
=== RUN   TestShimConnectionBridgeSurvivesWorkerReplacement
--- PASS: TestShimConnectionBridgeSurvivesWorkerReplacement (0.00s)
=== RUN   TestProxiedSupervisorReapsWorkerWhenContainerdDisconnects
--- PASS: TestProxiedSupervisorReapsWorkerWhenContainerdDisconnects (0.12s)
=== RUN   TestShimConnectionBridgeReplaysInFlightRequest
--- PASS: TestShimConnectionBridgeReplaysInFlightRequest (0.00s)
=== RUN   TestSupervisorRestartsSignaledWorker
multikernel shim supervisor: worker pid=11440 signal=killed restart_attempt=1
--- PASS: TestSupervisorRestartsSignaledWorker (1.15s)
=== RUN   TestShimConnectionBridgeSurvivesWorkerReplacement
--- PASS: TestShimConnectionBridgeSurvivesWorkerReplacement (0.00s)
=== RUN   TestProxiedSupervisorReapsWorkerWhenContainerdDisconnects
--- PASS: TestProxiedSupervisorReapsWorkerWhenContainerdDisconnects (0.13s)
=== RUN   TestShimConnectionBridgeReplaysInFlightRequest
--- PASS: TestShimConnectionBridgeReplaysInFlightRequest (0.00s)
=== RUN   TestSupervisorRestartsSignaledWorker
multikernel shim supervisor: worker pid=11459 signal=killed restart_attempt=1
--- PASS: TestSupervisorRestartsSignaledWorker (1.15s)
=== RUN   TestShimConnectionBridgeSurvivesWorkerReplacement
--- PASS: TestShimConnectionBridgeSurvivesWorkerReplacement (0.00s)
=== RUN   TestProxiedSupervisorReapsWorkerWhenContainerdDisconnects
--- PASS: TestProxiedSupervisorReapsWorkerWhenContainerdDisconnects (0.13s)
=== RUN   TestShimConnectionBridgeReplaysInFlightRequest
--- PASS: TestShimConnectionBridgeReplaysInFlightRequest (0.00s)
=== RUN   TestSupervisorRestartsSignaledWorker
multikernel shim supervisor: worker pid=11477 signal=killed restart_attempt=1
--- PASS: TestSupervisorRestartsSignaledWorker (1.15s)
=== RUN   TestShimConnectionBridgeSurvivesWorkerReplacement
--- PASS: TestShimConnectionBridgeSurvivesWorkerReplacement (0.00s)
=== RUN   TestProxiedSupervisorReapsWorkerWhenContainerdDisconnects
--- PASS: TestProxiedSupervisorReapsWorkerWhenContainerdDisconnects (0.13s)
=== RUN   TestShimConnectionBridgeReplaysInFlightRequest
--- PASS: TestShimConnectionBridgeReplaysInFlightRequest (0.00s)
=== RUN   TestSupervisorRestartsSignaledWorker
multikernel shim supervisor: worker pid=11495 signal=killed restart_attempt=1
--- PASS: TestSupervisorRestartsSignaledWorker (1.15s)
=== RUN   TestShimConnectionBridgeSurvivesWorkerReplacement
--- PASS: TestShimConnectionBridgeSurvivesWorkerReplacement (0.00s)
=== RUN   TestProxiedSupervisorReapsWorkerWhenContainerdDisconnects
--- PASS: TestProxiedSupervisorReapsWorkerWhenContainerdDisconnects (0.12s)
=== RUN   TestShimConnectionBridgeReplaysInFlightRequest
--- PASS: TestShimConnectionBridgeReplaysInFlightRequest (0.00s)
=== RUN   TestSupervisorRestartsSignaledWorker
multikernel shim supervisor: worker pid=11514 signal=killed restart_attempt=1
--- PASS: TestSupervisorRestartsSignaledWorker (1.15s)
=== RUN   TestShimConnectionBridgeSurvivesWorkerReplacement
--- PASS: TestShimConnectionBridgeSurvivesWorkerReplacement (0.00s)
=== RUN   TestProxiedSupervisorReapsWorkerWhenContainerdDisconnects
--- PASS: TestProxiedSupervisorReapsWorkerWhenContainerdDisconnects (0.14s)
=== RUN   TestShimConnectionBridgeReplaysInFlightRequest
--- PASS: TestShimConnectionBridgeReplaysInFlightRequest (0.00s)
=== RUN   TestSupervisorRestartsSignaledWorker
multikernel shim supervisor: worker pid=11532 signal=killed restart_attempt=1
--- PASS: TestSupervisorRestartsSignaledWorker (1.15s)
=== RUN   TestShimConnectionBridgeSurvivesWorkerReplacement
--- PASS: TestShimConnectionBridgeSurvivesWorkerReplacement (0.00s)
=== RUN   TestProxiedSupervisorReapsWorkerWhenContainerdDisconnects
--- PASS: TestProxiedSupervisorReapsWorkerWhenContainerdDisconnects (0.12s)
=== RUN   TestShimConnectionBridgeReplaysInFlightRequest
--- PASS: TestShimConnectionBridgeReplaysInFlightRequest (0.00s)
=== RUN   TestSupervisorRestartsSignaledWorker
multikernel shim supervisor: worker pid=11550 signal=killed restart_attempt=1
--- PASS: TestSupervisorRestartsSignaledWorker (1.15s)
=== RUN   TestShimConnectionBridgeSurvivesWorkerReplacement
--- PASS: TestShimConnectionBridgeSurvivesWorkerReplacement (0.00s)
=== RUN   TestProxiedSupervisorReapsWorkerWhenContainerdDisconnects
--- PASS: TestProxiedSupervisorReapsWorkerWhenContainerdDisconnects (0.12s)
=== RUN   TestShimConnectionBridgeReplaysInFlightRequest
--- PASS: TestShimConnectionBridgeReplaysInFlightRequest (0.00s)
=== RUN   TestSupervisorRestartsSignaledWorker
multikernel shim supervisor: worker pid=11568 signal=killed restart_attempt=1
--- PASS: TestSupervisorRestartsSignaledWorker (1.15s)
=== RUN   TestShimConnectionBridgeSurvivesWorkerReplacement
--- PASS: TestShimConnectionBridgeSurvivesWorkerReplacement (0.00s)
=== RUN   TestProxiedSupervisorReapsWorkerWhenContainerdDisconnects
--- PASS: TestProxiedSupervisorReapsWorkerWhenContainerdDisconnects (0.12s)
=== RUN   TestShimConnectionBridgeReplaysInFlightRequest
--- PASS: TestShimConnectionBridgeReplaysInFlightRequest (0.00s)
=== RUN   TestSupervisorRestartsSignaledWorker
multikernel shim supervisor: worker pid=11586 signal=killed restart_attempt=1
--- PASS: TestSupervisorRestartsSignaledWorker (1.15s)
=== RUN   TestShimConnectionBridgeSurvivesWorkerReplacement
--- PASS: TestShimConnectionBridgeSurvivesWorkerReplacement (0.00s)
=== RUN   TestProxiedSupervisorReapsWorkerWhenContainerdDisconnects
--- PASS: TestProxiedSupervisorReapsWorkerWhenContainerdDisconnects (0.12s)
=== RUN   TestShimConnectionBridgeReplaysInFlightRequest
--- PASS: TestShimConnectionBridgeReplaysInFlightRequest (0.00s)
=== RUN   TestSupervisorRestartsSignaledWorker
multikernel shim supervisor: worker pid=11604 signal=killed restart_attempt=1
--- PASS: TestSupervisorRestartsSignaledWorker (1.15s)
=== RUN   TestShimConnectionBridgeSurvivesWorkerReplacement
--- PASS: TestShimConnectionBridgeSurvivesWorkerReplacement (0.00s)
=== RUN   TestProxiedSupervisorReapsWorkerWhenContainerdDisconnects
--- PASS: TestProxiedSupervisorReapsWorkerWhenContainerdDisconnects (0.12s)
=== RUN   TestShimConnectionBridgeReplaysInFlightRequest
--- PASS: TestShimConnectionBridgeReplaysInFlightRequest (0.00s)
=== RUN   TestSupervisorRestartsSignaledWorker
multikernel shim supervisor: worker pid=11622 signal=killed restart_attempt=1
--- PASS: TestSupervisorRestartsSignaledWorker (1.15s)
=== RUN   TestShimConnectionBridgeSurvivesWorkerReplacement
--- PASS: TestShimConnectionBridgeSurvivesWorkerReplacement (0.00s)
=== RUN   TestProxiedSupervisorReapsWorkerWhenContainerdDisconnects
--- PASS: TestProxiedSupervisorReapsWorkerWhenContainerdDisconnects (0.13s)
=== RUN   TestShimConnectionBridgeReplaysInFlightRequest
--- PASS: TestShimConnectionBridgeReplaysInFlightRequest (0.00s)
=== RUN   TestSupervisorRestartsSignaledWorker
multikernel shim supervisor: worker pid=11640 signal=killed restart_attempt=1
--- PASS: TestSupervisorRestartsSignaledWorker (1.15s)
=== RUN   TestShimConnectionBridgeSurvivesWorkerReplacement
--- PASS: TestShimConnectionBridgeSurvivesWorkerReplacement (0.00s)
=== RUN   TestProxiedSupervisorReapsWorkerWhenContainerdDisconnects
--- PASS: TestProxiedSupervisorReapsWorkerWhenContainerdDisconnects (0.12s)
=== RUN   TestShimConnectionBridgeReplaysInFlightRequest
--- PASS: TestShimConnectionBridgeReplaysInFlightRequest (0.00s)
=== RUN   TestSupervisorRestartsSignaledWorker
multikernel shim supervisor: worker pid=11659 signal=killed restart_attempt=1
--- PASS: TestSupervisorRestartsSignaledWorker (1.15s)
=== RUN   TestShimConnectionBridgeSurvivesWorkerReplacement
--- PASS: TestShimConnectionBridgeSurvivesWorkerReplacement (0.00s)
=== RUN   TestProxiedSupervisorReapsWorkerWhenContainerdDisconnects
--- PASS: TestProxiedSupervisorReapsWorkerWhenContainerdDisconnects (0.13s)
=== RUN   TestShimConnectionBridgeReplaysInFlightRequest
--- PASS: TestShimConnectionBridgeReplaysInFlightRequest (0.00s)
=== RUN   TestSupervisorRestartsSignaledWorker
multikernel shim supervisor: worker pid=11677 signal=killed restart_attempt=1
--- PASS: TestSupervisorRestartsSignaledWorker (1.15s)
=== RUN   TestShimConnectionBridgeSurvivesWorkerReplacement
--- PASS: TestShimConnectionBridgeSurvivesWorkerReplacement (0.00s)
=== RUN   TestProxiedSupervisorReapsWorkerWhenContainerdDisconnects
--- PASS: TestProxiedSupervisorReapsWorkerWhenContainerdDisconnects (0.13s)
=== RUN   TestShimConnectionBridgeReplaysInFlightRequest
--- PASS: TestShimConnectionBridgeReplaysInFlightRequest (0.00s)
=== RUN   TestSupervisorRestartsSignaledWorker
multikernel shim supervisor: worker pid=11695 signal=killed restart_attempt=1
--- PASS: TestSupervisorRestartsSignaledWorker (1.15s)
=== RUN   TestShimConnectionBridgeSurvivesWorkerReplacement
--- PASS: TestShimConnectionBridgeSurvivesWorkerReplacement (0.00s)
=== RUN   TestProxiedSupervisorReapsWorkerWhenContainerdDisconnects
--- PASS: TestProxiedSupervisorReapsWorkerWhenContainerdDisconnects (0.12s)
=== RUN   TestShimConnectionBridgeReplaysInFlightRequest
--- PASS: TestShimConnectionBridgeReplaysInFlightRequest (0.00s)
=== RUN   TestSupervisorRestartsSignaledWorker
multikernel shim supervisor: worker pid=11715 signal=killed restart_attempt=1
--- PASS: TestSupervisorRestartsSignaledWorker (1.15s)
=== RUN   TestShimConnectionBridgeSurvivesWorkerReplacement
--- PASS: TestShimConnectionBridgeSurvivesWorkerReplacement (0.00s)
=== RUN   TestProxiedSupervisorReapsWorkerWhenContainerdDisconnects
--- PASS: TestProxiedSupervisorReapsWorkerWhenContainerdDisconnects (0.12s)
=== RUN   TestShimConnectionBridgeReplaysInFlightRequest
--- PASS: TestShimConnectionBridgeReplaysInFlightRequest (0.00s)
=== RUN   TestSupervisorRestartsSignaledWorker
multikernel shim supervisor: worker pid=11733 signal=killed restart_attempt=1
--- PASS: TestSupervisorRestartsSignaledWorker (1.15s)
=== RUN   TestShimConnectionBridgeSurvivesWorkerReplacement
--- PASS: TestShimConnectionBridgeSurvivesWorkerReplacement (0.00s)
=== RUN   TestProxiedSupervisorReapsWorkerWhenContainerdDisconnects
--- PASS: TestProxiedSupervisorReapsWorkerWhenContainerdDisconnects (0.12s)
=== RUN   TestShimConnectionBridgeReplaysInFlightRequest
--- PASS: TestShimConnectionBridgeReplaysInFlightRequest (0.00s)
=== RUN   TestSupervisorRestartsSignaledWorker
multikernel shim supervisor: worker pid=11751 signal=killed restart_attempt=1
--- PASS: TestSupervisorRestartsSignaledWorker (1.15s)
=== RUN   TestShimConnectionBridgeSurvivesWorkerReplacement
--- PASS: TestShimConnectionBridgeSurvivesWorkerReplacement (0.00s)
=== RUN   TestProxiedSupervisorReapsWorkerWhenContainerdDisconnects
--- PASS: TestProxiedSupervisorReapsWorkerWhenContainerdDisconnects (0.12s)
=== RUN   TestShimConnectionBridgeReplaysInFlightRequest
--- PASS: TestShimConnectionBridgeReplaysInFlightRequest (0.00s)
=== RUN   TestSupervisorRestartsSignaledWorker
multikernel shim supervisor: worker pid=11769 signal=killed restart_attempt=1
--- PASS: TestSupervisorRestartsSignaledWorker (1.15s)
=== RUN   TestShimConnectionBridgeSurvivesWorkerReplacement
--- PASS: TestShimConnectionBridgeSurvivesWorkerReplacement (0.00s)
=== RUN   TestProxiedSupervisorReapsWorkerWhenContainerdDisconnects
--- PASS: TestProxiedSupervisorReapsWorkerWhenContainerdDisconnects (0.13s)
=== RUN   TestShimConnectionBridgeReplaysInFlightRequest
--- PASS: TestShimConnectionBridgeReplaysInFlightRequest (0.00s)
PASS
ok  	github.com/hairizuan/multikernel-linux-expt/runtime/cmd/containerd-shim-multikernel-v2	128.518s
+ cd ..
+ make runtime-manifest RUNTIME_VERSION=0.1.0-dev RUNTIME_REVISION=cacec0db6fef21a5721bcdef558dc30703867d89
mkdir -p runtime/bin
cd runtime && GOCACHE=/tmp/mk-go-cache CGO_ENABLED=0 go build -trimpath -buildvcs=false -ldflags="-buildid= -X github.com/hairizuan/multikernel-linux-expt/runtime/internal/buildinfo.Version=0.1.0-dev -X github.com/hairizuan/multikernel-linux-expt/runtime/internal/buildinfo.Revision=cacec0db6fef21a5721bcdef558dc30703867d89" -o bin/mk-host-check ./cmd/mk-host-check
cd runtime && GOCACHE=/tmp/mk-go-cache CGO_ENABLED=0 go build -trimpath -buildvcs=false -ldflags="-buildid= -X github.com/hairizuan/multikernel-linux-expt/runtime/internal/buildinfo.Version=0.1.0-dev -X github.com/hairizuan/multikernel-linux-expt/runtime/internal/buildinfo.Revision=cacec0db6fef21a5721bcdef558dc30703867d89" -o bin/mkruntimed ./cmd/mkruntimed
cd runtime && GOCACHE=/tmp/mk-go-cache CGO_ENABLED=0 go build -trimpath -buildvcs=false -ldflags="-buildid= -X github.com/hairizuan/multikernel-linux-expt/runtime/internal/buildinfo.Version=0.1.0-dev -X github.com/hairizuan/multikernel-linux-expt/runtime/internal/buildinfo.Revision=cacec0db6fef21a5721bcdef558dc30703867d89" -o bin/mk-agent ./cmd/mk-agent
cd runtime && GOCACHE=/tmp/mk-go-cache CGO_ENABLED=0 go build -trimpath -buildvcs=false -ldflags="-buildid= -X github.com/hairizuan/multikernel-linux-expt/runtime/internal/buildinfo.Version=0.1.0-dev -X github.com/hairizuan/multikernel-linux-expt/runtime/internal/buildinfo.Revision=cacec0db6fef21a5721bcdef558dc30703867d89" -o bin/mk-agentctl ./cmd/mk-agentctl
cd runtime && GOCACHE=/tmp/mk-go-cache CGO_ENABLED=0 go build -trimpath -buildvcs=false -ldflags="-buildid= -X github.com/hairizuan/multikernel-linux-expt/runtime/internal/buildinfo.Version=0.1.0-dev -X github.com/hairizuan/multikernel-linux-expt/runtime/internal/buildinfo.Revision=cacec0db6fef21a5721bcdef558dc30703867d89" -o bin/mknetd ./cmd/mknetd
cd runtime && GOCACHE=/tmp/mk-go-cache CGO_ENABLED=0 go build -trimpath -buildvcs=false -ldflags="-buildid= -X github.com/hairizuan/multikernel-linux-expt/runtime/internal/buildinfo.Version=0.1.0-dev -X github.com/hairizuan/multikernel-linux-expt/runtime/internal/buildinfo.Revision=cacec0db6fef21a5721bcdef558dc30703867d89" -o bin/mk-cni ./cmd/mk-cni
cd runtime && GOCACHE=/tmp/mk-go-cache CGO_ENABLED=0 go build -trimpath -buildvcs=false -ldflags="-buildid= -X github.com/hairizuan/multikernel-linux-expt/runtime/internal/buildinfo.Version=0.1.0-dev -X github.com/hairizuan/multikernel-linux-expt/runtime/internal/buildinfo.Revision=cacec0db6fef21a5721bcdef558dc30703867d89" -o bin/containerd-shim-multikernel-v2 ./cmd/containerd-shim-multikernel-v2
python3 scripts/runtime-release-manifest.py runtime/bin runtime/release-manifest.json \
	--expected-version=0.1.0-dev --expected-revision=cacec0db6fef21a5721bcdef558dc30703867d89
+ python3 scripts/runtime-release-manifest.py runtime/bin runtime/release-manifest.json --expected-version=0.1.0-dev --expected-revision=cacec0db6fef21a5721bcdef558dc30703867d89
runtime release manifest: [Errno 17] File exists: 'runtime/release-manifest.json'
{"evidence_command_result": {"ended_at": "2026-10-08T13:26:30.216509Z", "exit_status": 1}}
