{"evidence_command": {"argv": ["gcloud", "compute", "ssh", "mklinux-g4-g6-final-20260905", "--project", "new-demo-project-462517", "--zone", "asia-southeast1-b", "--command", "set -euxo pipefail; cd /var/tmp/mksrc-4fed167; test \"$(sha256sum /var/tmp/mksrc-4fed167.tar)\" = \"db5110f342fb9ea2fe1ff93443193f766576e975cb72251832d05e629eb042d4  /var/tmp/mksrc-4fed167.tar\"; mkdir -p /var/tmp/cancel-4fed-go-cache /var/tmp/cancel-4fed-go-tmp; cd runtime; GOCACHE=/var/tmp/cancel-4fed-go-cache GOTMPDIR=/var/tmp/cancel-4fed-go-tmp TMPDIR=/var/tmp go test -race -v -count=100 -run \"^TestDaemon(FramedClientDisconnectCancelsDispatch|ClientCancellationPropagatesToDispatch)$\" ./internal/daemon; GOCACHE=/var/tmp/cancel-4fed-go-cache GOTMPDIR=/var/tmp/cancel-4fed-go-tmp TMPDIR=/var/tmp go test -race -v -count=20 -run \"^TestProxiedSupervisorReapsWorkerWhenContainerdDisconnects$\" ./cmd/containerd-shim-multikernel-v2; GOCACHE=/var/tmp/cancel-4fed-go-cache GOTMPDIR=/var/tmp/cancel-4fed-go-tmp TMPDIR=/var/tmp go test -race ./internal/daemon ./internal/rootfs ./internal/lifecycle ./cmd/mkruntimed ./cmd/containerd-shim-multikernel-v2; GOCACHE=/var/tmp/cancel-4fed-go-cache GOTMPDIR=/var/tmp/cancel-4fed-go-tmp TMPDIR=/var/tmp go vet ./internal/daemon ./internal/rootfs ./internal/lifecycle ./cmd/mkruntimed ./cmd/containerd-shim-multikernel-v2; cd ..; make runtime-manifest RUNTIME_VERSION=0.1.0-dev RUNTIME_REVISION=4fed167; jq -e \".version == \\\"0.1.0-dev\\\" and .revision == \\\"4fed167\\\"\" runtime/release-manifest.json; sha256sum runtime/bin/* runtime/release-manifest.json; echo G6_CANCELLATION_BUILD_4FED167_PASS"], "started_at": "2026-10-08T13:39:27.728345Z"}}
+ cd /var/tmp/mksrc-4fed167
++ sha256sum /var/tmp/mksrc-4fed167.tar
+ test 'db5110f342fb9ea2fe1ff93443193f766576e975cb72251832d05e629eb042d4  /var/tmp/mksrc-4fed167.tar' = 'db5110f342fb9ea2fe1ff93443193f766576e975cb72251832d05e629eb042d4  /var/tmp/mksrc-4fed167.tar'
+ mkdir -p /var/tmp/cancel-4fed-go-cache /var/tmp/cancel-4fed-go-tmp
+ cd runtime
+ GOCACHE=/var/tmp/cancel-4fed-go-cache
+ GOTMPDIR=/var/tmp/cancel-4fed-go-tmp
+ TMPDIR=/var/tmp
+ go test -race -v -count=100 -run '^TestDaemon(FramedClientDisconnectCancelsDispatch|ClientCancellationPropagatesToDispatch)$' ./internal/daemon
=== RUN   TestDaemonFramedClientDisconnectCancelsDispatch
--- PASS: TestDaemonFramedClientDisconnectCancelsDispatch (0.00s)
=== RUN   TestDaemonClientCancellationPropagatesToDispatch
--- PASS: TestDaemonClientCancellationPropagatesToDispatch (0.00s)
=== RUN   TestDaemonFramedClientDisconnectCancelsDispatch
--- PASS: TestDaemonFramedClientDisconnectCancelsDispatch (0.00s)
=== RUN   TestDaemonClientCancellationPropagatesToDispatch
--- PASS: TestDaemonClientCancellationPropagatesToDispatch (0.00s)
=== RUN   TestDaemonFramedClientDisconnectCancelsDispatch
--- PASS: TestDaemonFramedClientDisconnectCancelsDispatch (0.00s)
=== RUN   TestDaemonClientCancellationPropagatesToDispatch
--- PASS: TestDaemonClientCancellationPropagatesToDispatch (0.00s)
=== RUN   TestDaemonFramedClientDisconnectCancelsDispatch
--- PASS: TestDaemonFramedClientDisconnectCancelsDispatch (0.00s)
=== RUN   TestDaemonClientCancellationPropagatesToDispatch
--- PASS: TestDaemonClientCancellationPropagatesToDispatch (0.00s)
=== RUN   TestDaemonFramedClientDisconnectCancelsDispatch
--- PASS: TestDaemonFramedClientDisconnectCancelsDispatch (0.00s)
=== RUN   TestDaemonClientCancellationPropagatesToDispatch
--- PASS: TestDaemonClientCancellationPropagatesToDispatch (0.00s)
=== RUN   TestDaemonFramedClientDisconnectCancelsDispatch
--- PASS: TestDaemonFramedClientDisconnectCancelsDispatch (0.00s)
=== RUN   TestDaemonClientCancellationPropagatesToDispatch
--- PASS: TestDaemonClientCancellationPropagatesToDispatch (0.00s)
=== RUN   TestDaemonFramedClientDisconnectCancelsDispatch
--- PASS: TestDaemonFramedClientDisconnectCancelsDispatch (0.00s)
=== RUN   TestDaemonClientCancellationPropagatesToDispatch
--- PASS: TestDaemonClientCancellationPropagatesToDispatch (0.00s)
=== RUN   TestDaemonFramedClientDisconnectCancelsDispatch
--- PASS: TestDaemonFramedClientDisconnectCancelsDispatch (0.00s)
=== RUN   TestDaemonClientCancellationPropagatesToDispatch
--- PASS: TestDaemonClientCancellationPropagatesToDispatch (0.00s)
=== RUN   TestDaemonFramedClientDisconnectCancelsDispatch
--- PASS: TestDaemonFramedClientDisconnectCancelsDispatch (0.00s)
=== RUN   TestDaemonClientCancellationPropagatesToDispatch
--- PASS: TestDaemonClientCancellationPropagatesToDispatch (0.00s)
=== RUN   TestDaemonFramedClientDisconnectCancelsDispatch
--- PASS: TestDaemonFramedClientDisconnectCancelsDispatch (0.00s)
=== RUN   TestDaemonClientCancellationPropagatesToDispatch
--- PASS: TestDaemonClientCancellationPropagatesToDispatch (0.00s)
=== RUN   TestDaemonFramedClientDisconnectCancelsDispatch
--- PASS: TestDaemonFramedClientDisconnectCancelsDispatch (0.00s)
=== RUN   TestDaemonClientCancellationPropagatesToDispatch
--- PASS: TestDaemonClientCancellationPropagatesToDispatch (0.00s)
=== RUN   TestDaemonFramedClientDisconnectCancelsDispatch
--- PASS: TestDaemonFramedClientDisconnectCancelsDispatch (0.00s)
=== RUN   TestDaemonClientCancellationPropagatesToDispatch
--- PASS: TestDaemonClientCancellationPropagatesToDispatch (0.00s)
=== RUN   TestDaemonFramedClientDisconnectCancelsDispatch
--- PASS: TestDaemonFramedClientDisconnectCancelsDispatch (0.00s)
=== RUN   TestDaemonClientCancellationPropagatesToDispatch
--- PASS: TestDaemonClientCancellationPropagatesToDispatch (0.00s)
=== RUN   TestDaemonFramedClientDisconnectCancelsDispatch
--- PASS: TestDaemonFramedClientDisconnectCancelsDispatch (0.00s)
=== RUN   TestDaemonClientCancellationPropagatesToDispatch
--- PASS: TestDaemonClientCancellationPropagatesToDispatch (0.00s)
=== RUN   TestDaemonFramedClientDisconnectCancelsDispatch
--- PASS: TestDaemonFramedClientDisconnectCancelsDispatch (0.00s)
=== RUN   TestDaemonClientCancellationPropagatesToDispatch
--- PASS: TestDaemonClientCancellationPropagatesToDispatch (0.00s)
=== RUN   TestDaemonFramedClientDisconnectCancelsDispatch
--- PASS: TestDaemonFramedClientDisconnectCancelsDispatch (0.00s)
=== RUN   TestDaemonClientCancellationPropagatesToDispatch
--- PASS: TestDaemonClientCancellationPropagatesToDispatch (0.00s)
=== RUN   TestDaemonFramedClientDisconnectCancelsDispatch
--- PASS: TestDaemonFramedClientDisconnectCancelsDispatch (0.00s)
=== RUN   TestDaemonClientCancellationPropagatesToDispatch
--- PASS: TestDaemonClientCancellationPropagatesToDispatch (0.00s)
=== RUN   TestDaemonFramedClientDisconnectCancelsDispatch
--- PASS: TestDaemonFramedClientDisconnectCancelsDispatch (0.00s)
=== RUN   TestDaemonClientCancellationPropagatesToDispatch
--- PASS: TestDaemonClientCancellationPropagatesToDispatch (0.00s)
=== RUN   TestDaemonFramedClientDisconnectCancelsDispatch
--- PASS: TestDaemonFramedClientDisconnectCancelsDispatch (0.00s)
=== RUN   TestDaemonClientCancellationPropagatesToDispatch
--- PASS: TestDaemonClientCancellationPropagatesToDispatch (0.00s)
=== RUN   TestDaemonFramedClientDisconnectCancelsDispatch
--- PASS: TestDaemonFramedClientDisconnectCancelsDispatch (0.00s)
=== RUN   TestDaemonClientCancellationPropagatesToDispatch
--- PASS: TestDaemonClientCancellationPropagatesToDispatch (0.00s)
=== RUN   TestDaemonFramedClientDisconnectCancelsDispatch
--- PASS: TestDaemonFramedClientDisconnectCancelsDispatch (0.00s)
=== RUN   TestDaemonClientCancellationPropagatesToDispatch
--- PASS: TestDaemonClientCancellationPropagatesToDispatch (0.00s)
=== RUN   TestDaemonFramedClientDisconnectCancelsDispatch
--- PASS: TestDaemonFramedClientDisconnectCancelsDispatch (0.00s)
=== RUN   TestDaemonClientCancellationPropagatesToDispatch
--- PASS: TestDaemonClientCancellationPropagatesToDispatch (0.00s)
=== RUN   TestDaemonFramedClientDisconnectCancelsDispatch
--- PASS: TestDaemonFramedClientDisconnectCancelsDispatch (0.00s)
=== RUN   TestDaemonClientCancellationPropagatesToDispatch
--- PASS: TestDaemonClientCancellationPropagatesToDispatch (0.00s)
=== RUN   TestDaemonFramedClientDisconnectCancelsDispatch
--- PASS: TestDaemonFramedClientDisconnectCancelsDispatch (0.00s)
=== RUN   TestDaemonClientCancellationPropagatesToDispatch
--- PASS: TestDaemonClientCancellationPropagatesToDispatch (0.00s)
=== RUN   TestDaemonFramedClientDisconnectCancelsDispatch
--- PASS: TestDaemonFramedClientDisconnectCancelsDispatch (0.00s)
=== RUN   TestDaemonClientCancellationPropagatesToDispatch
--- PASS: TestDaemonClientCancellationPropagatesToDispatch (0.00s)
=== RUN   TestDaemonFramedClientDisconnectCancelsDispatch
--- PASS: TestDaemonFramedClientDisconnectCancelsDispatch (0.00s)
=== RUN   TestDaemonClientCancellationPropagatesToDispatch
--- PASS: TestDaemonClientCancellationPropagatesToDispatch (0.00s)
=== RUN   TestDaemonFramedClientDisconnectCancelsDispatch
--- PASS: TestDaemonFramedClientDisconnectCancelsDispatch (0.00s)
=== RUN   TestDaemonClientCancellationPropagatesToDispatch
--- PASS: TestDaemonClientCancellationPropagatesToDispatch (0.00s)
=== RUN   TestDaemonFramedClientDisconnectCancelsDispatch
--- PASS: TestDaemonFramedClientDisconnectCancelsDispatch (0.00s)
=== RUN   TestDaemonClientCancellationPropagatesToDispatch
--- PASS: TestDaemonClientCancellationPropagatesToDispatch (0.00s)
=== RUN   TestDaemonFramedClientDisconnectCancelsDispatch
--- PASS: TestDaemonFramedClientDisconnectCancelsDispatch (0.00s)
=== RUN   TestDaemonClientCancellationPropagatesToDispatch
--- PASS: TestDaemonClientCancellationPropagatesToDispatch (0.00s)
=== RUN   TestDaemonFramedClientDisconnectCancelsDispatch
--- PASS: TestDaemonFramedClientDisconnectCancelsDispatch (0.00s)
=== RUN   TestDaemonClientCancellationPropagatesToDispatch
--- PASS: TestDaemonClientCancellationPropagatesToDispatch (0.00s)
=== RUN   TestDaemonFramedClientDisconnectCancelsDispatch
--- PASS: TestDaemonFramedClientDisconnectCancelsDispatch (0.00s)
=== RUN   TestDaemonClientCancellationPropagatesToDispatch
--- PASS: TestDaemonClientCancellationPropagatesToDispatch (0.00s)
=== RUN   TestDaemonFramedClientDisconnectCancelsDispatch
--- PASS: TestDaemonFramedClientDisconnectCancelsDispatch (0.00s)
=== RUN   TestDaemonClientCancellationPropagatesToDispatch
--- PASS: TestDaemonClientCancellationPropagatesToDispatch (0.00s)
=== RUN   TestDaemonFramedClientDisconnectCancelsDispatch
--- PASS: TestDaemonFramedClientDisconnectCancelsDispatch (0.00s)
=== RUN   TestDaemonClientCancellationPropagatesToDispatch
--- PASS: TestDaemonClientCancellationPropagatesToDispatch (0.00s)
=== RUN   TestDaemonFramedClientDisconnectCancelsDispatch
--- PASS: TestDaemonFramedClientDisconnectCancelsDispatch (0.00s)
=== RUN   TestDaemonClientCancellationPropagatesToDispatch
--- PASS: TestDaemonClientCancellationPropagatesToDispatch (0.00s)
=== RUN   TestDaemonFramedClientDisconnectCancelsDispatch
--- PASS: TestDaemonFramedClientDisconnectCancelsDispatch (0.00s)
=== RUN   TestDaemonClientCancellationPropagatesToDispatch
--- PASS: TestDaemonClientCancellationPropagatesToDispatch (0.00s)
=== RUN   TestDaemonFramedClientDisconnectCancelsDispatch
--- PASS: TestDaemonFramedClientDisconnectCancelsDispatch (0.00s)
=== RUN   TestDaemonClientCancellationPropagatesToDispatch
--- PASS: TestDaemonClientCancellationPropagatesToDispatch (0.00s)
=== RUN   TestDaemonFramedClientDisconnectCancelsDispatch
--- PASS: TestDaemonFramedClientDisconnectCancelsDispatch (0.00s)
=== RUN   TestDaemonClientCancellationPropagatesToDispatch
--- PASS: TestDaemonClientCancellationPropagatesToDispatch (0.00s)
=== RUN   TestDaemonFramedClientDisconnectCancelsDispatch
--- PASS: TestDaemonFramedClientDisconnectCancelsDispatch (0.00s)
=== RUN   TestDaemonClientCancellationPropagatesToDispatch
--- PASS: TestDaemonClientCancellationPropagatesToDispatch (0.00s)
=== RUN   TestDaemonFramedClientDisconnectCancelsDispatch
--- PASS: TestDaemonFramedClientDisconnectCancelsDispatch (0.00s)
=== RUN   TestDaemonClientCancellationPropagatesToDispatch
--- PASS: TestDaemonClientCancellationPropagatesToDispatch (0.00s)
=== RUN   TestDaemonFramedClientDisconnectCancelsDispatch
--- PASS: TestDaemonFramedClientDisconnectCancelsDispatch (0.00s)
=== RUN   TestDaemonClientCancellationPropagatesToDispatch
--- PASS: TestDaemonClientCancellationPropagatesToDispatch (0.00s)
=== RUN   TestDaemonFramedClientDisconnectCancelsDispatch
--- PASS: TestDaemonFramedClientDisconnectCancelsDispatch (0.00s)
=== RUN   TestDaemonClientCancellationPropagatesToDispatch
--- PASS: TestDaemonClientCancellationPropagatesToDispatch (0.00s)
=== RUN   TestDaemonFramedClientDisconnectCancelsDispatch
--- PASS: TestDaemonFramedClientDisconnectCancelsDispatch (0.00s)
=== RUN   TestDaemonClientCancellationPropagatesToDispatch
--- PASS: TestDaemonClientCancellationPropagatesToDispatch (0.00s)
=== RUN   TestDaemonFramedClientDisconnectCancelsDispatch
--- PASS: TestDaemonFramedClientDisconnectCancelsDispatch (0.00s)
=== RUN   TestDaemonClientCancellationPropagatesToDispatch
--- PASS: TestDaemonClientCancellationPropagatesToDispatch (0.00s)
=== RUN   TestDaemonFramedClientDisconnectCancelsDispatch
--- PASS: TestDaemonFramedClientDisconnectCancelsDispatch (0.00s)
=== RUN   TestDaemonClientCancellationPropagatesToDispatch
--- PASS: TestDaemonClientCancellationPropagatesToDispatch (0.00s)
=== RUN   TestDaemonFramedClientDisconnectCancelsDispatch
--- PASS: TestDaemonFramedClientDisconnectCancelsDispatch (0.00s)
=== RUN   TestDaemonClientCancellationPropagatesToDispatch
--- PASS: TestDaemonClientCancellationPropagatesToDispatch (0.00s)
=== RUN   TestDaemonFramedClientDisconnectCancelsDispatch
--- PASS: TestDaemonFramedClientDisconnectCancelsDispatch (0.00s)
=== RUN   TestDaemonClientCancellationPropagatesToDispatch
--- PASS: TestDaemonClientCancellationPropagatesToDispatch (0.00s)
=== RUN   TestDaemonFramedClientDisconnectCancelsDispatch
--- PASS: TestDaemonFramedClientDisconnectCancelsDispatch (0.00s)
=== RUN   TestDaemonClientCancellationPropagatesToDispatch
--- PASS: TestDaemonClientCancellationPropagatesToDispatch (0.00s)
=== RUN   TestDaemonFramedClientDisconnectCancelsDispatch
--- PASS: TestDaemonFramedClientDisconnectCancelsDispatch (0.00s)
=== RUN   TestDaemonClientCancellationPropagatesToDispatch
--- PASS: TestDaemonClientCancellationPropagatesToDispatch (0.00s)
=== RUN   TestDaemonFramedClientDisconnectCancelsDispatch
--- PASS: TestDaemonFramedClientDisconnectCancelsDispatch (0.00s)
=== RUN   TestDaemonClientCancellationPropagatesToDispatch
--- PASS: TestDaemonClientCancellationPropagatesToDispatch (0.00s)
=== RUN   TestDaemonFramedClientDisconnectCancelsDispatch
--- PASS: TestDaemonFramedClientDisconnectCancelsDispatch (0.00s)
=== RUN   TestDaemonClientCancellationPropagatesToDispatch
--- PASS: TestDaemonClientCancellationPropagatesToDispatch (0.00s)
=== RUN   TestDaemonFramedClientDisconnectCancelsDispatch
--- PASS: TestDaemonFramedClientDisconnectCancelsDispatch (0.00s)
=== RUN   TestDaemonClientCancellationPropagatesToDispatch
--- PASS: TestDaemonClientCancellationPropagatesToDispatch (0.00s)
=== RUN   TestDaemonFramedClientDisconnectCancelsDispatch
--- PASS: TestDaemonFramedClientDisconnectCancelsDispatch (0.00s)
=== RUN   TestDaemonClientCancellationPropagatesToDispatch
--- PASS: TestDaemonClientCancellationPropagatesToDispatch (0.00s)
=== RUN   TestDaemonFramedClientDisconnectCancelsDispatch
--- PASS: TestDaemonFramedClientDisconnectCancelsDispatch (0.00s)
=== RUN   TestDaemonClientCancellationPropagatesToDispatch
--- PASS: TestDaemonClientCancellationPropagatesToDispatch (0.00s)
=== RUN   TestDaemonFramedClientDisconnectCancelsDispatch
--- PASS: TestDaemonFramedClientDisconnectCancelsDispatch (0.00s)
=== RUN   TestDaemonClientCancellationPropagatesToDispatch
--- PASS: TestDaemonClientCancellationPropagatesToDispatch (0.00s)
=== RUN   TestDaemonFramedClientDisconnectCancelsDispatch
--- PASS: TestDaemonFramedClientDisconnectCancelsDispatch (0.00s)
=== RUN   TestDaemonClientCancellationPropagatesToDispatch
--- PASS: TestDaemonClientCancellationPropagatesToDispatch (0.00s)
=== RUN   TestDaemonFramedClientDisconnectCancelsDispatch
--- PASS: TestDaemonFramedClientDisconnectCancelsDispatch (0.00s)
=== RUN   TestDaemonClientCancellationPropagatesToDispatch
--- PASS: TestDaemonClientCancellationPropagatesToDispatch (0.00s)
=== RUN   TestDaemonFramedClientDisconnectCancelsDispatch
--- PASS: TestDaemonFramedClientDisconnectCancelsDispatch (0.00s)
=== RUN   TestDaemonClientCancellationPropagatesToDispatch
--- PASS: TestDaemonClientCancellationPropagatesToDispatch (0.00s)
=== RUN   TestDaemonFramedClientDisconnectCancelsDispatch
--- PASS: TestDaemonFramedClientDisconnectCancelsDispatch (0.00s)
=== RUN   TestDaemonClientCancellationPropagatesToDispatch
--- PASS: TestDaemonClientCancellationPropagatesToDispatch (0.00s)
=== RUN   TestDaemonFramedClientDisconnectCancelsDispatch
--- PASS: TestDaemonFramedClientDisconnectCancelsDispatch (0.00s)
=== RUN   TestDaemonClientCancellationPropagatesToDispatch
--- PASS: TestDaemonClientCancellationPropagatesToDispatch (0.00s)
=== RUN   TestDaemonFramedClientDisconnectCancelsDispatch
--- PASS: TestDaemonFramedClientDisconnectCancelsDispatch (0.00s)
=== RUN   TestDaemonClientCancellationPropagatesToDispatch
--- PASS: TestDaemonClientCancellationPropagatesToDispatch (0.00s)
=== RUN   TestDaemonFramedClientDisconnectCancelsDispatch
--- PASS: TestDaemonFramedClientDisconnectCancelsDispatch (0.00s)
=== RUN   TestDaemonClientCancellationPropagatesToDispatch
--- PASS: TestDaemonClientCancellationPropagatesToDispatch (0.00s)
=== RUN   TestDaemonFramedClientDisconnectCancelsDispatch
--- PASS: TestDaemonFramedClientDisconnectCancelsDispatch (0.00s)
=== RUN   TestDaemonClientCancellationPropagatesToDispatch
--- PASS: TestDaemonClientCancellationPropagatesToDispatch (0.00s)
=== RUN   TestDaemonFramedClientDisconnectCancelsDispatch
--- PASS: TestDaemonFramedClientDisconnectCancelsDispatch (0.00s)
=== RUN   TestDaemonClientCancellationPropagatesToDispatch
--- PASS: TestDaemonClientCancellationPropagatesToDispatch (0.00s)
=== RUN   TestDaemonFramedClientDisconnectCancelsDispatch
--- PASS: TestDaemonFramedClientDisconnectCancelsDispatch (0.00s)
=== RUN   TestDaemonClientCancellationPropagatesToDispatch
--- PASS: TestDaemonClientCancellationPropagatesToDispatch (0.00s)
=== RUN   TestDaemonFramedClientDisconnectCancelsDispatch
--- PASS: TestDaemonFramedClientDisconnectCancelsDispatch (0.00s)
=== RUN   TestDaemonClientCancellationPropagatesToDispatch
--- PASS: TestDaemonClientCancellationPropagatesToDispatch (0.00s)
=== RUN   TestDaemonFramedClientDisconnectCancelsDispatch
--- PASS: TestDaemonFramedClientDisconnectCancelsDispatch (0.00s)
=== RUN   TestDaemonClientCancellationPropagatesToDispatch
--- PASS: TestDaemonClientCancellationPropagatesToDispatch (0.00s)
=== RUN   TestDaemonFramedClientDisconnectCancelsDispatch
--- PASS: TestDaemonFramedClientDisconnectCancelsDispatch (0.00s)
=== RUN   TestDaemonClientCancellationPropagatesToDispatch
--- PASS: TestDaemonClientCancellationPropagatesToDispatch (0.00s)
=== RUN   TestDaemonFramedClientDisconnectCancelsDispatch
--- PASS: TestDaemonFramedClientDisconnectCancelsDispatch (0.00s)
=== RUN   TestDaemonClientCancellationPropagatesToDispatch
--- PASS: TestDaemonClientCancellationPropagatesToDispatch (0.00s)
=== RUN   TestDaemonFramedClientDisconnectCancelsDispatch
--- PASS: TestDaemonFramedClientDisconnectCancelsDispatch (0.00s)
=== RUN   TestDaemonClientCancellationPropagatesToDispatch
--- PASS: TestDaemonClientCancellationPropagatesToDispatch (0.00s)
=== RUN   TestDaemonFramedClientDisconnectCancelsDispatch
--- PASS: TestDaemonFramedClientDisconnectCancelsDispatch (0.00s)
=== RUN   TestDaemonClientCancellationPropagatesToDispatch
--- PASS: TestDaemonClientCancellationPropagatesToDispatch (0.00s)
=== RUN   TestDaemonFramedClientDisconnectCancelsDispatch
--- PASS: TestDaemonFramedClientDisconnectCancelsDispatch (0.00s)
=== RUN   TestDaemonClientCancellationPropagatesToDispatch
--- PASS: TestDaemonClientCancellationPropagatesToDispatch (0.00s)
=== RUN   TestDaemonFramedClientDisconnectCancelsDispatch
--- PASS: TestDaemonFramedClientDisconnectCancelsDispatch (0.00s)
=== RUN   TestDaemonClientCancellationPropagatesToDispatch
--- PASS: TestDaemonClientCancellationPropagatesToDispatch (0.00s)
=== RUN   TestDaemonFramedClientDisconnectCancelsDispatch
--- PASS: TestDaemonFramedClientDisconnectCancelsDispatch (0.00s)
=== RUN   TestDaemonClientCancellationPropagatesToDispatch
--- PASS: TestDaemonClientCancellationPropagatesToDispatch (0.00s)
=== RUN   TestDaemonFramedClientDisconnectCancelsDispatch
--- PASS: TestDaemonFramedClientDisconnectCancelsDispatch (0.00s)
=== RUN   TestDaemonClientCancellationPropagatesToDispatch
--- PASS: TestDaemonClientCancellationPropagatesToDispatch (0.00s)
=== RUN   TestDaemonFramedClientDisconnectCancelsDispatch
--- PASS: TestDaemonFramedClientDisconnectCancelsDispatch (0.00s)
=== RUN   TestDaemonClientCancellationPropagatesToDispatch
--- PASS: TestDaemonClientCancellationPropagatesToDispatch (0.00s)
=== RUN   TestDaemonFramedClientDisconnectCancelsDispatch
--- PASS: TestDaemonFramedClientDisconnectCancelsDispatch (0.00s)
=== RUN   TestDaemonClientCancellationPropagatesToDispatch
--- PASS: TestDaemonClientCancellationPropagatesToDispatch (0.00s)
=== RUN   TestDaemonFramedClientDisconnectCancelsDispatch
--- PASS: TestDaemonFramedClientDisconnectCancelsDispatch (0.00s)
=== RUN   TestDaemonClientCancellationPropagatesToDispatch
--- PASS: TestDaemonClientCancellationPropagatesToDispatch (0.00s)
=== RUN   TestDaemonFramedClientDisconnectCancelsDispatch
--- PASS: TestDaemonFramedClientDisconnectCancelsDispatch (0.00s)
=== RUN   TestDaemonClientCancellationPropagatesToDispatch
--- PASS: TestDaemonClientCancellationPropagatesToDispatch (0.00s)
=== RUN   TestDaemonFramedClientDisconnectCancelsDispatch
--- PASS: TestDaemonFramedClientDisconnectCancelsDispatch (0.00s)
=== RUN   TestDaemonClientCancellationPropagatesToDispatch
--- PASS: TestDaemonClientCancellationPropagatesToDispatch (0.00s)
=== RUN   TestDaemonFramedClientDisconnectCancelsDispatch
--- PASS: TestDaemonFramedClientDisconnectCancelsDispatch (0.00s)
=== RUN   TestDaemonClientCancellationPropagatesToDispatch
--- PASS: TestDaemonClientCancellationPropagatesToDispatch (0.00s)
=== RUN   TestDaemonFramedClientDisconnectCancelsDispatch
--- PASS: TestDaemonFramedClientDisconnectCancelsDispatch (0.00s)
=== RUN   TestDaemonClientCancellationPropagatesToDispatch
--- PASS: TestDaemonClientCancellationPropagatesToDispatch (0.00s)
=== RUN   TestDaemonFramedClientDisconnectCancelsDispatch
--- PASS: TestDaemonFramedClientDisconnectCancelsDispatch (0.00s)
=== RUN   TestDaemonClientCancellationPropagatesToDispatch
--- PASS: TestDaemonClientCancellationPropagatesToDispatch (0.00s)
=== RUN   TestDaemonFramedClientDisconnectCancelsDispatch
--- PASS: TestDaemonFramedClientDisconnectCancelsDispatch (0.00s)
=== RUN   TestDaemonClientCancellationPropagatesToDispatch
--- PASS: TestDaemonClientCancellationPropagatesToDispatch (0.00s)
=== RUN   TestDaemonFramedClientDisconnectCancelsDispatch
--- PASS: TestDaemonFramedClientDisconnectCancelsDispatch (0.00s)
=== RUN   TestDaemonClientCancellationPropagatesToDispatch
--- PASS: TestDaemonClientCancellationPropagatesToDispatch (0.00s)
=== RUN   TestDaemonFramedClientDisconnectCancelsDispatch
--- PASS: TestDaemonFramedClientDisconnectCancelsDispatch (0.00s)
=== RUN   TestDaemonClientCancellationPropagatesToDispatch
--- PASS: TestDaemonClientCancellationPropagatesToDispatch (0.00s)
=== RUN   TestDaemonFramedClientDisconnectCancelsDispatch
--- PASS: TestDaemonFramedClientDisconnectCancelsDispatch (0.00s)
=== RUN   TestDaemonClientCancellationPropagatesToDispatch
--- PASS: TestDaemonClientCancellationPropagatesToDispatch (0.00s)
=== RUN   TestDaemonFramedClientDisconnectCancelsDispatch
--- PASS: TestDaemonFramedClientDisconnectCancelsDispatch (0.00s)
=== RUN   TestDaemonClientCancellationPropagatesToDispatch
--- PASS: TestDaemonClientCancellationPropagatesToDispatch (0.00s)
=== RUN   TestDaemonFramedClientDisconnectCancelsDispatch
--- PASS: TestDaemonFramedClientDisconnectCancelsDispatch (0.00s)
=== RUN   TestDaemonClientCancellationPropagatesToDispatch
--- PASS: TestDaemonClientCancellationPropagatesToDispatch (0.00s)
=== RUN   TestDaemonFramedClientDisconnectCancelsDispatch
--- PASS: TestDaemonFramedClientDisconnectCancelsDispatch (0.00s)
=== RUN   TestDaemonClientCancellationPropagatesToDispatch
--- PASS: TestDaemonClientCancellationPropagatesToDispatch (0.00s)
=== RUN   TestDaemonFramedClientDisconnectCancelsDispatch
--- PASS: TestDaemonFramedClientDisconnectCancelsDispatch (0.00s)
=== RUN   TestDaemonClientCancellationPropagatesToDispatch
--- PASS: TestDaemonClientCancellationPropagatesToDispatch (0.00s)
=== RUN   TestDaemonFramedClientDisconnectCancelsDispatch
--- PASS: TestDaemonFramedClientDisconnectCancelsDispatch (0.00s)
=== RUN   TestDaemonClientCancellationPropagatesToDispatch
--- PASS: TestDaemonClientCancellationPropagatesToDispatch (0.00s)
=== RUN   TestDaemonFramedClientDisconnectCancelsDispatch
--- PASS: TestDaemonFramedClientDisconnectCancelsDispatch (0.00s)
=== RUN   TestDaemonClientCancellationPropagatesToDispatch
--- PASS: TestDaemonClientCancellationPropagatesToDispatch (0.00s)
=== RUN   TestDaemonFramedClientDisconnectCancelsDispatch
--- PASS: TestDaemonFramedClientDisconnectCancelsDispatch (0.00s)
=== RUN   TestDaemonClientCancellationPropagatesToDispatch
--- PASS: TestDaemonClientCancellationPropagatesToDispatch (0.00s)
=== RUN   TestDaemonFramedClientDisconnectCancelsDispatch
--- PASS: TestDaemonFramedClientDisconnectCancelsDispatch (0.00s)
=== RUN   TestDaemonClientCancellationPropagatesToDispatch
--- PASS: TestDaemonClientCancellationPropagatesToDispatch (0.00s)
=== RUN   TestDaemonFramedClientDisconnectCancelsDispatch
--- PASS: TestDaemonFramedClientDisconnectCancelsDispatch (0.00s)
=== RUN   TestDaemonClientCancellationPropagatesToDispatch
--- PASS: TestDaemonClientCancellationPropagatesToDispatch (0.00s)
=== RUN   TestDaemonFramedClientDisconnectCancelsDispatch
--- PASS: TestDaemonFramedClientDisconnectCancelsDispatch (0.00s)
=== RUN   TestDaemonClientCancellationPropagatesToDispatch
--- PASS: TestDaemonClientCancellationPropagatesToDispatch (0.00s)
=== RUN   TestDaemonFramedClientDisconnectCancelsDispatch
--- PASS: TestDaemonFramedClientDisconnectCancelsDispatch (0.00s)
=== RUN   TestDaemonClientCancellationPropagatesToDispatch
--- PASS: TestDaemonClientCancellationPropagatesToDispatch (0.00s)
=== RUN   TestDaemonFramedClientDisconnectCancelsDispatch
--- PASS: TestDaemonFramedClientDisconnectCancelsDispatch (0.00s)
=== RUN   TestDaemonClientCancellationPropagatesToDispatch
--- PASS: TestDaemonClientCancellationPropagatesToDispatch (0.00s)
=== RUN   TestDaemonFramedClientDisconnectCancelsDispatch
--- PASS: TestDaemonFramedClientDisconnectCancelsDispatch (0.00s)
=== RUN   TestDaemonClientCancellationPropagatesToDispatch
--- PASS: TestDaemonClientCancellationPropagatesToDispatch (0.00s)
=== RUN   TestDaemonFramedClientDisconnectCancelsDispatch
--- PASS: TestDaemonFramedClientDisconnectCancelsDispatch (0.00s)
=== RUN   TestDaemonClientCancellationPropagatesToDispatch
--- PASS: TestDaemonClientCancellationPropagatesToDispatch (0.00s)
PASS
ok  	github.com/hairizuan/multikernel-linux-expt/runtime/internal/daemon	1.075s
+ GOCACHE=/var/tmp/cancel-4fed-go-cache
+ GOTMPDIR=/var/tmp/cancel-4fed-go-tmp
+ TMPDIR=/var/tmp
+ go test -race -v -count=20 -run '^TestProxiedSupervisorReapsWorkerWhenContainerdDisconnects$' ./cmd/containerd-shim-multikernel-v2
=== RUN   TestProxiedSupervisorReapsWorkerWhenContainerdDisconnects
--- PASS: TestProxiedSupervisorReapsWorkerWhenContainerdDisconnects (0.14s)
=== RUN   TestProxiedSupervisorReapsWorkerWhenContainerdDisconnects
--- PASS: TestProxiedSupervisorReapsWorkerWhenContainerdDisconnects (0.14s)
=== RUN   TestProxiedSupervisorReapsWorkerWhenContainerdDisconnects
    main_test.go:6322: <nil>
--- FAIL: TestProxiedSupervisorReapsWorkerWhenContainerdDisconnects (0.02s)
=== RUN   TestProxiedSupervisorReapsWorkerWhenContainerdDisconnects
--- PASS: TestProxiedSupervisorReapsWorkerWhenContainerdDisconnects (0.12s)
=== RUN   TestProxiedSupervisorReapsWorkerWhenContainerdDisconnects
--- PASS: TestProxiedSupervisorReapsWorkerWhenContainerdDisconnects (0.12s)
=== RUN   TestProxiedSupervisorReapsWorkerWhenContainerdDisconnects
--- PASS: TestProxiedSupervisorReapsWorkerWhenContainerdDisconnects (0.12s)
=== RUN   TestProxiedSupervisorReapsWorkerWhenContainerdDisconnects
--- PASS: TestProxiedSupervisorReapsWorkerWhenContainerdDisconnects (0.13s)
=== RUN   TestProxiedSupervisorReapsWorkerWhenContainerdDisconnects
--- PASS: TestProxiedSupervisorReapsWorkerWhenContainerdDisconnects (0.12s)
=== RUN   TestProxiedSupervisorReapsWorkerWhenContainerdDisconnects
--- PASS: TestProxiedSupervisorReapsWorkerWhenContainerdDisconnects (0.12s)
=== RUN   TestProxiedSupervisorReapsWorkerWhenContainerdDisconnects
--- PASS: TestProxiedSupervisorReapsWorkerWhenContainerdDisconnects (0.12s)
=== RUN   TestProxiedSupervisorReapsWorkerWhenContainerdDisconnects
--- PASS: TestProxiedSupervisorReapsWorkerWhenContainerdDisconnects (0.13s)
=== RUN   TestProxiedSupervisorReapsWorkerWhenContainerdDisconnects
--- PASS: TestProxiedSupervisorReapsWorkerWhenContainerdDisconnects (0.12s)
=== RUN   TestProxiedSupervisorReapsWorkerWhenContainerdDisconnects
--- PASS: TestProxiedSupervisorReapsWorkerWhenContainerdDisconnects (0.12s)
=== RUN   TestProxiedSupervisorReapsWorkerWhenContainerdDisconnects
--- PASS: TestProxiedSupervisorReapsWorkerWhenContainerdDisconnects (0.13s)
=== RUN   TestProxiedSupervisorReapsWorkerWhenContainerdDisconnects
--- PASS: TestProxiedSupervisorReapsWorkerWhenContainerdDisconnects (0.13s)
=== RUN   TestProxiedSupervisorReapsWorkerWhenContainerdDisconnects
--- PASS: TestProxiedSupervisorReapsWorkerWhenContainerdDisconnects (0.13s)
=== RUN   TestProxiedSupervisorReapsWorkerWhenContainerdDisconnects
--- PASS: TestProxiedSupervisorReapsWorkerWhenContainerdDisconnects (0.12s)
=== RUN   TestProxiedSupervisorReapsWorkerWhenContainerdDisconnects
--- PASS: TestProxiedSupervisorReapsWorkerWhenContainerdDisconnects (0.14s)
=== RUN   TestProxiedSupervisorReapsWorkerWhenContainerdDisconnects
--- PASS: TestProxiedSupervisorReapsWorkerWhenContainerdDisconnects (0.12s)
=== RUN   TestProxiedSupervisorReapsWorkerWhenContainerdDisconnects
--- PASS: TestProxiedSupervisorReapsWorkerWhenContainerdDisconnects (0.13s)
FAIL
FAIL	github.com/hairizuan/multikernel-linux-expt/runtime/cmd/containerd-shim-multikernel-v2	2.459s
FAIL
{"evidence_command_result": {"ended_at": "2026-10-08T13:39:52.540533Z", "exit_status": 1}}
