2026-09-01T12:31:48Z
HOST
Linux mklinux-g4-g6-matrix-20260901 7.0.0-mk2-gce-lab #1 SMP PREEMPT Fri Aug 28 04:50:50 UTC 2026 x86_64 GNU/Linux
${HOST_BOOT_ID}
CLIENTS
Client:
  Version:  2.2.2
  Revision: 
  Go version: go1.24.13

Server:
  Version:  2.2.2
  Revision: 
  UUID: ${CONTAINERD_SERVER_UUID}
Client:
 Version:           29.1.3
 API version:       1.52
 Go version:        go1.24.13
 Git commit:        29.1.3-0ubuntu4.1
 Built:             Wed Apr 29 16:40:20 2026
 OS/Arch:           linux/amd64
 Context:           default

Server:
 Engine:
  Version:          29.1.3
  API version:      1.52 (minimum version 1.44)
  Go version:       go1.24.13
  Git commit:       29.1.3-0ubuntu4.1
  Built:            Wed Apr 29 16:40:20 2026
  OS/Arch:          linux/amd64
  Experimental:     false
 containerd:
  Version:          2.2.2
  GitCommit:        
 runc:
  Version:          1.4.0-0ubuntu1
  GitCommit:        
 docker-init:
  Version:          0.19.0
  GitCommit:        
go version go1.26.0 linux/amd64
kerf, version 0.2.0
REVISIONS
3bdd35b64413da0b4e089ce931bfc2e8b031cbf7
8b72b3e9b266f8d32e707e2c1743ad7afc50b1ec
HASHES
7eb7aeb6cf68de7bffb060b4fd57d55abf50e64ce64bfd10e8d3abe7b37b84c9  /usr/local/sbin/mkruntimed
e8faa717a42be633d91ba18c23df5a6b5b58e3045abd187f6d88853c792aa226  /usr/local/bin/containerd-shim-multikernel-v2
cf3593cb911c452def4929315ed2aae205607e69b9ccbb003940711a282bbda8  /usr/local/libexec/multikernel/mk-agent
30e443db56d50931cfe15576404b3b618aa910bf1853f26587be214db6fbd2cc  /usr/local/libexec/multikernel/mkvsock-relay
bef1b888e7c66705f0d652b1437a239835584f2fb376ad6bfea2a77ecaa1c3d2  /usr/local/libexec/multikernel/mk_transport.ko
1728fbc911f0c049e0361c041fc73d3c5cf43dbcab936ed5c1e8001cf88b0ac5  ${REPOSITORY_ROOT}/scripts/test-runtime-g4-g6-feature-matrix.sh
IMAGE
docker.io/library/busybox:1.36 application/vnd.oci.image.index.v1+json sha256:73aaf090f3d85aa34ee199857f03fa3a95c8ede2ffd4cc2cdb5b94e566b11662 2.1 MiB linux/386,linux/amd64,linux/arm/v5,linux/arm/v6,linux/arm/v7,linux/arm64/v8,linux/ppc64le,linux/riscv64,linux/s390x -      
sha256:73aaf090f3d85aa34ee199857f03fa3a95c8ede2ffd4cc2cdb5b94e566b11662 busybox@sha256:73aaf090f3d85aa34ee199857f03fa3a95c8ede2ffd4cc2cdb5b94e566b11662
SERVICES
active
active
active
active
active
FINAL_INSTANCES
FINAL_CTR
CONTAINER    IMAGE    RUNTIME    
TASK    PID    STATUS    
FINAL_DOCKER
CONTAINER ID   IMAGE     COMMAND   CREATED   STATUS    PORTS     NAMES
FINAL_NETWORK
PRIMARY
0-15
MemTotal:       65836308 kB
