2026-09-03T01:57:02Z
created /tmp/runtime-g1-crash.cpio.gz
9c0ea3778b1d08714cececb606a26703005ef9db801469c6389f0c9441295b39  /tmp/runtime-g1-crash.cpio.gz
-rw-rw-r-- 1 hairizuan-tw hairizuan-tw 1.1M Sep  3 01:57 /tmp/runtime-g1-crash.cpio.gz
Memory: 8192 MB on node 0 (from CPUs 8,10,12,14)
✓ Baseline applied to kernel successfully
✓ Created instance 'runtime-g1-crash' (transaction 2)
✓ Kernel loaded successfully
Unloading kernel for instance 'runtime-g1-crash' (ID: 21)...
✓ Kernel unloaded successfully
✓ Deleted instance 'runtime-g1-crash' (transaction 3)
  CPUs to host: 8, 10, 12, 14
  Memory to host: 0xdf9600000 (8192 MB)
✓ Pool updated (transaction 4)
RUNTIME_G1_CRASH_RECLAIM_PASS

No memory pool configured

================================================================================
No instances found in /sys/fs/multikernel/instances/

/proc/kimage:
================================================================================
MK_ID  Type        Start Address   Segments  Mode  Cmdline
-----  ----------  --------------  --------  ----  -------

active
