HOST_BOOT_ID=069e5c26-99ef-44ac-acbd-1db527a7fb74
HOST_KERNEL=7.0.0-mk2-gce-lab
IMAGE=docker.io/library/busybox:1.36
RUNTIME=io.containerd.multikernel.v2
b9298f83-c1bd-4473-aea5-3701e1bad23f
2: mkn0: <POINTOPOINT,MULTICAST,NOARP,UP,LOWER_UP> mtu 1400 qdisc pfifo_fast qlen 500
    inet 172.30.30.2/30 scope global mkn0
       valid_lft forever preferred_lft forever
CTR_NETWORK_PASS
11caad99-5f32-4e03-b962-4963c1cff7cd
2: mkn0: <POINTOPOINT,MULTICAST,NOARP,UP,LOWER_UP> mtu 1400 qdisc pfifo_fast qlen 500
    inet 172.30.31.2/30 scope global mkn0
       valid_lft forever preferred_lft forever
DOCKER_NETWORK_PASS
CROSS_SANDBOX_ISOLATION_PASS
CTR_EXEC_PASS
DOCKER_EXEC_PASS
time="2026-09-01T01:10:42Z" level=warning msg="task mk-proof-ctr exit with non-zero exit code 137"
DISTINCT_CHILD_KERNEL_BOOT_IDS_PASS
CTR_DOCKER_LIFECYCLE_PASS
PRIMARY_MEDIATED_NETWORK_PASS
G4_G5_G6_MVP_PROOF_PASS
