2026-09-02T01:53:57Z
HOST
Linux mklinux-g4-g6-io-20260901 7.0.0-mk2-gce-lab #1 SMP PREEMPT Fri Aug 28 04:50:50 UTC 2026 x86_64 GNU/Linux
${HOST_BOOT_ID}
CLIENTS
Client:
  Version:  2.2.2
  Revision: 
  Go version: go1.24.13

Server:
  Version:  2.2.2
  Revision: 
  UUID: ${CONTAINERD_SERVER_UUID}
Client:
 Version:           29.1.3
 API version:       1.52
 Go version:        go1.24.13
 Git commit:        29.1.3-0ubuntu4.1
 Built:             Wed Apr 29 16:40:20 2026
 OS/Arch:           linux/amd64
 Context:           default

Server:
 Engine:
  Version:          29.1.3
  API version:      1.52 (minimum version 1.44)
  Go version:       go1.24.13
  Git commit:       29.1.3-0ubuntu4.1
  Built:            Wed Apr 29 16:40:20 2026
  OS/Arch:          linux/amd64
  Experimental:     false
 containerd:
  Version:          2.2.2
  GitCommit:        
 runc:
  Version:          1.4.0-0ubuntu1
  GitCommit:        
 docker-init:
  Version:          0.19.0
  GitCommit:        
go version go1.26.0 linux/amd64
kerf, version 0.2.0
REVISIONS
3bdd35b64413da0b4e089ce931bfc2e8b031cbf7
8b72b3e9b266f8d32e707e2c1743ad7afc50b1ec
HASHES
7eb7aeb6cf68de7bffb060b4fd57d55abf50e64ce64bfd10e8d3abe7b37b84c9  /usr/local/sbin/mkruntimed
63d4f4a189ca0e2b335f8e7db8a8a2a7d99a144a9cc926dcb36c50c655d47aad  /usr/local/bin/containerd-shim-multikernel-v2
12780225f892d2a5f764ab1f031b82413202b7df74a6d3e7ab69f9fa1a28b751  /usr/local/libexec/multikernel/mk-agent
30e443db56d50931cfe15576404b3b618aa910bf1853f26587be214db6fbd2cc  /usr/local/libexec/multikernel/mkvsock-relay
bef1b888e7c66705f0d652b1437a239835584f2fb376ad6bfea2a77ecaa1c3d2  /usr/local/libexec/multikernel/mk_transport.ko
aaa1daad2d00b988d5e15ef61d8708020fc1fb1202d8d04a1cae8c2e9b11427f  ${REPOSITORY_ROOT}/scripts/test-runtime-g4-g6-feature-matrix.sh
b033be028d47d5921eeae2ec9dfc9894ff219eeae96cf5912cd1273366c85451  ${REPOSITORY_ROOT}/scripts/build-runtime-container-initramfs.sh
0d6bc72017b998a26ac53ae44f98b460e4478fffedfa3899fdeffbaf619af6d9  ${REPOSITORY_ROOT}/guest/mk-agent-init
IMAGE
docker.io/library/busybox:1.36 application/vnd.oci.image.index.v1+json sha256:73aaf090f3d85aa34ee199857f03fa3a95c8ede2ffd4cc2cdb5b94e566b11662 2.1 MiB linux/386,linux/amd64,linux/arm/v5,linux/arm/v6,linux/arm/v7,linux/arm64/v8,linux/ppc64le,linux/riscv64,linux/s390x -      
busybox@sha256:73aaf090f3d85aa34ee199857f03fa3a95c8ede2ffd4cc2cdb5b94e566b11662
SERVICES
google-guest-agent=active
sys-fs-multikernel.mount=active
mkruntimed=active
containerd=active
docker=active
FINAL_INSTANCES
FINAL_CTR
CONTAINER    IMAGE    RUNTIME    
TASK    PID    STATUS    
FINAL_DOCKER
CONTAINER ID   IMAGE     COMMAND   CREATED   STATUS    PORTS     NAMES
FINAL_NETWORK
PRIMARY
0-15
MemTotal:       65836292 kB
