Booting instance 'runtime-g3' (ID: 23)...
✓ Boot command executed successfully
Connecting to console for instance 'runtime-g3' (ID: 23)...
Escape sequence: Ctrl+] followed by . to detach

[    0.000000] platform-quirks: hardware_subarch=5 (MULTIKERNEL=5)
[    0.000000] Linux version 7.0.0-mk2-gce-lab (hairizuan-tw@mklinux-lab.asia-southeast1-b.c.[REDACTED_GCP_PROJECT].internal) (gcc (Ubuntu 15.2.0-16ubuntu1) 15.2.0, GNU ld (GNU Binutils for Ubuntu) 2.46) #1 SMP PREEMPT Fri Aug 28 04:50:50 UTC 2026
[    0.000000] Command line: rdinit=/init console=mktty0 panic=-1 mk.sandbox_id=runtime-g3 mk.generation=a3b29ef81226c5efecd2a303ba02e441 mk.token=[REDACTED_TEST_TOKEN] mk.agent_port=7103
[    0.000000] KERNEL supported cpus:
[    0.000000]   Intel GenuineIntel
[    0.000000]   AMD AuthenticAMD
[    0.000000]   Hygon HygonGenuine
[    0.000000]   Centaur CentaurHauls
[    0.000000]   zhaoxin   Shanghai  
[    0.000000] BIOS-provided physical RAM map:
[    0.000000] MULTIKERNEL: [mem 0x0000000000000000-0x0000000000000fff]  device reserved
[    0.000000] MULTIKERNEL: [gap 0x0000000000001000-0x0000000df960ffff]
[    0.000000] MULTIKERNEL: [mem 0x0000000df9610000-0x0000000ef960ffff]  System RAM
[    0.000000] random: crng init done
[    0.000000] multikernel: processing manifest at 0x10aa1c000 (size: 4096)
[    0.000000] multikernel: manifest accepted
[    0.000000] KHO: disabling KHO revival
[    0.000000] NX (Execute Disable) protection: active
[    0.000000] APIC: Static calls initialized
[    0.000000] DMI not present or invalid.
[    0.000000] Hypervisor detected: KVM
[    0.000000] last_pfn = 0x0 max_arch_pfn = 0x400000000
[    0.000000] kvm-clock: Using msrs 4b564d01 and 4b564d00
[    0.000001] kvm-clock: using sched offset of 375908537236 cycles
[    0.000002] clocksource: kvm-clock: mask: 0xffffffffffffffff max_cycles: 0x1cd42e4dffb, max_idle_ns: 881590591483 ns
[    0.000005] tsc: Detected 2799.998 MHz processor
[    0.000020] last_pfn = 0xef9610 max_arch_pfn = 0x400000000
[    0.000067] MTRR map: 3 entries (2 fixed + 1 variable; max 18), built from 8 variable MTRRs
[    0.000071] x86/PAT: Configuration [0-7]: WB  WC  UC- UC  WB  WP  UC- WT  
[    0.000126] x2apic: enabled by BIOS, switching to x2apic ops
[    0.000129] last_pfn = 0x0 max_arch_pfn = 0x400000000
[    0.010686] Using GB pages for direct mapping
[    0.010749] RAMDISK: [mem 0xdfd600000-0xdfdb06fff]
[    0.010799] NUMA turned off
[    0.010800] Faking a node at [mem 0x0000000000000000-0x0000000ef960ffff]
[    0.010810] NODE_DATA(0) allocated [mem 0xef95e5280-0xef960ffff]
[    0.011355] APIC: Switched APIC routing to: physical x2apic
[    0.011360] APIC: wakeup_secondary_cpu_64() replaced with multikernel_wakeup_cpu()
[    0.011368] CPU topo: Max. logical packages:   1
[    0.011369] CPU topo: Max. logical nodes:      1
[    0.011369] CPU topo: Num. nodes per package:  1
[    0.011371] CPU topo: Max. logical dies:       1
[    0.011372] CPU topo: Max. dies per package:   1
[    0.011375] CPU topo: Max. threads per core:   1
[    0.011375] CPU topo: Num. cores per package:     4
[    0.011376] CPU topo: Num. threads per package:   4
[    0.011376] CPU topo: Allowing 4 present CPUs plus 0 hotplug CPUs
[    0.011391] PM: hibernation: Registered nosave memory: [mem 0x00000000-0xdf960ffff]
[    0.011393] [gap 0x00001000-0xffffffff] available for PCI devices
[    0.011394] Booting paravirtualized kernel on KVM
[    0.011395] clocksource: refined-jiffies: mask: 0xffffffff max_cycles: 0xffffffff, max_idle_ns: 1910969940391419 ns
[    0.011414] Zone ranges:
[    0.011414]   DMA      empty
[    0.011416]   DMA32    empty
[    0.011416]   Normal   [mem 0x0000000df9610000-0x0000000ef960ffff]
[    0.011417]   Device   empty
[    0.011418] Movable zone start for each node
[    0.011421] Early memory node ranges
[    0.011421]   node   0: [mem 0x0000000df9610000-0x0000000ef960ffff]
[    0.011423] Initmem setup node 0 [mem 0x0000000df9610000-0x0000000ef960ffff]
[    0.017202] On node 0, zone Normal: 5648 pages in unavailable ranges
[    0.017373] On node 0, zone Normal: 27120 pages in unavailable ranges
[    0.017383] setup_percpu: NR_CPUS:8192 nr_cpumask_bits:4 nr_cpu_ids:4 nr_node_ids:1
[    0.017630] percpu: Embedded 85 pages/cpu s225280 r8192 d114688 u524288
[    0.017656] kvm-guest: PV spinlocks enabled
[    0.017657] PV qspinlock hash table entries: 256 (order: 0, 4096 bytes, linear)
[    0.017660] Kernel command line: rdinit=/init console=mktty0 panic=-1 mk.sandbox_id=runtime-g3 mk.generation=a3b29ef81226c5efecd2a303ba02e441 mk.token=[REDACTED_TEST_TOKEN] mk.agent_port=7103
[    0.017740] printk: log buffer data + meta data: 262144 + 1114112 = 1376256 bytes
[    0.018084] Dentry cache hash table entries: 524288 (order: 10, 4194304 bytes, linear)
[    0.018274] Inode-cache hash table entries: 262144 (order: 9, 2097152 bytes, linear)
[    0.018344] software IO TLB: area num 4.
[    0.018346] software IO TLB: swiotlb_memblock_alloc: Failed to allocate 67108864 bytes tlb structure
[    0.018347] software IO TLB: swiotlb_memblock_alloc: Failed to allocate 33554432 bytes tlb structure
[    0.018349] software IO TLB: swiotlb_memblock_alloc: Failed to allocate 16777216 bytes tlb structure
[    0.018350] software IO TLB: swiotlb_memblock_alloc: Failed to allocate 8388608 bytes tlb structure
[    0.018351] software IO TLB: swiotlb_memblock_alloc: Failed to allocate 4194304 bytes tlb structure
[    0.018352] software IO TLB: swiotlb_memblock_alloc: Failed to allocate 2097152 bytes tlb structure
[    0.018353] software IO TLB: swiotlb_memblock_alloc: Failed to allocate 1048576 bytes tlb structure
[    0.018355] Fallback order for Node 0: 0 
[    0.018358] Built 1 zonelists, mobility grouping on.  Total pages: 1048576
[    0.018359] Policy zone: Normal
[    0.018366] mem auto-init: stack:all(zero), heap alloc:on, heap free:off
[    0.018369] KHO: Failed to reserve lowmem scratch buffer
[    0.018370] KHO: Failed to reserve scratch area, disabling kexec handover
[    0.026918] SLUB: HWalign=64, Order=0-3, MinObjects=0, CPUs=4, Nodes=1
[    0.036771] ftrace: allocating 61363 entries in 240 pages
[    0.036773] ftrace: allocated 240 pages with 4 groups
[    0.036939] rcu: Hierarchical RCU implementation.
[    0.036940] rcu: 	RCU restricting CPUs from NR_CPUS=8192 to nr_cpu_ids=4.
[    0.036942] 	Trampoline variant of Tasks RCU enabled.
[    0.036942] 	Rude variant of Tasks RCU enabled.
[    0.036942] 	Tracing variant of Tasks RCU enabled.
[    0.036943] rcu: RCU calculated value of scheduler-enlistment delay is 100 jiffies.
[    0.036944] rcu: Adjusting geometry for rcu_fanout_leaf=16, nr_cpu_ids=4
[    0.036954] RCU Tasks: Setting shift to 2 and lim to 1 rcu_task_cb_adjust=1 rcu_task_cpu_ids=4.
[    0.036955] RCU Tasks Rude: Setting shift to 2 and lim to 1 rcu_task_cb_adjust=1 rcu_task_cpu_ids=4.
[    0.041468] NR_IRQS: 524544, nr_irqs: 80, preallocated irqs: 16
[    0.041733] rcu: srcu_init: Setting srcu_struct sizes based on contention.
[    0.041820] Console: colour dummy device 80x25
[    0.041845] APIC: Switch to symmetric I/O mode setup
[    0.041983] clocksource: tsc-early: mask: 0xffffffffffffffff max_cycles: 0x285c3ee517e, max_idle_ns: 440795257231 ns
[    0.041988] Calibrating delay loop (skipped) preset value.. 5599.99 BogoMIPS (lpj=2799998)
[    0.042375] Last level iTLB entries: 4KB 64, 2MB 8, 4MB 8
[    0.042376] Last level dTLB entries: 4KB 64, 2MB 32, 4MB 32, 1GB 4
[    0.042391] mitigations: Enabled attack vectors: user_kernel, user_user, guest_host, guest_guest, SMT mitigations: auto
[    0.042394] Speculative Store Bypass: Mitigation: Speculative Store Bypass disabled via prctl
[    0.042396] Spectre V2 : Mitigation: Enhanced / Automatic IBRS
[    0.042396] RETBleed: Mitigation: Enhanced IBRS
[    0.042396] ITS: Mitigation: Aligned branch/return thunks
[    0.042397] TAA: Vulnerable: Clear CPU buffers attempted, no microcode
[    0.042397] MMIO Stale Data: Vulnerable: Clear CPU buffers attempted, no microcode
[    0.042398] Spectre V1 : Mitigation: usercopy/swapgs barriers and __user pointer sanitization
[    0.042399] Spectre V2 : Spectre v2 / PBRSB-eIBRS: Retire a single CALL on VMEXIT
[    0.042400] Spectre V2 : mitigation: Enabling conditional Indirect Branch Prediction Barrier
[    0.042405] active return thunk: its_return_thunk
[    0.042409] Spectre V2 : Spectre BHI mitigation: SW BHB clearing on syscall and VM exit
[    0.042438] x86/fpu: Supporting XSAVE feature 0x001: 'x87 floating point registers'
[    0.042440] x86/fpu: Supporting XSAVE feature 0x002: 'SSE registers'
[    0.042441] x86/fpu: Supporting XSAVE feature 0x004: 'AVX registers'
[    0.042441] x86/fpu: Supporting XSAVE feature 0x020: 'AVX-512 opmask'
[    0.042442] x86/fpu: Supporting XSAVE feature 0x040: 'AVX-512 Hi256'
[    0.042442] x86/fpu: Supporting XSAVE feature 0x080: 'AVX-512 ZMM_Hi256'
[    0.042443] x86/fpu: xstate_offset[2]:  576, xstate_sizes[2]:  256
[    0.042444] x86/fpu: xstate_offset[5]:  832, xstate_sizes[5]:   64
[    0.042445] x86/fpu: xstate_offset[6]:  896, xstate_sizes[6]:  512
[    0.042446] x86/fpu: xstate_offset[7]: 1408, xstate_sizes[7]: 1024
[    0.042458] x86/fpu: Enabled xstate features 0xe7, context size is 2432 bytes, using 'compacted' format.
[    0.042986] Freeing SMP alternatives memory: 56K
[    0.042986] pid_max: default: 32768 minimum: 301
[    0.042986] landlock: Up and running.
[    0.042986] Yama: becoming mindful.
[    0.042986] AppArmor: AppArmor initialized
[    0.042986] Mount-cache hash table entries: 8192 (order: 4, 65536 bytes, linear)
[    0.042986] Mountpoint-cache hash table entries: 8192 (order: 4, 65536 bytes, linear)
[    0.042986] VFS: Finished mounting rootfs on nullfs
[    0.042986] smpboot: CPU0: Intel(R) Xeon(R) CPU @ 2.80GHz (family: 0x6, model: 0x55, stepping: 0x7)
[    0.042986] Performance Events: unsupported CPU family 6 model 85 no PMU driver, software events only.
[    0.042986] signal: max sigframe size: 3632
[    0.042986] rcu: Hierarchical SRCU implementation.
[    0.042986] rcu: 	Max phase no-delay instances is 400.
[    0.042986] Restoring multikernel DTB from manifest (phys: 0x10aa1c000)
[    0.042986] Found preserved multikernel DTB (264 bytes)
[    0.042986] DTB contains instance ID 23, name 'runtime-g3'
[    0.042986] Successfully parsed memory size: 4294967296 bytes (4096 MB)
[    0.042986] Successfully parsed 2 physical CPUs: 8,10
[    0.042986] Successfully parsed multikernel device tree with 4294967296 bytes memory, 2 CPUs, 0 PCI devices, and 0 platform devices
[    0.042986] Before restriction: cpu_possible=0-3, cpu_present=0-3
[    0.042986] After restriction: cpu_possible=0-3, cpu_present=0-1
[    0.042986] Restored IPI buffer for root instance: phys=0x123d00000, virt=ffffc90000100000, pages=65, size=266240
[    0.042986] Restored host IPI buffer: phys=0x101180000, virt=ffffc90000180000, pages=65
[    0.042986] Registered host instance (ID 0) for spawn→host communication
[    0.042986] Successfully restored multikernel root instance 23 ('runtime-g3') from manifest (264 bytes)
[    0.042986] Timer migration: 1 hierarchy levels; 8 children per group; 1 crossnode level
[    0.043801] NMI watchdog: Perf NMI watchdog permanently disabled
[    0.043857] smp: Bringing up secondary CPUs ...
[    0.043994] smpboot: x86: Booting SMP configuration:
[    0.043995] .... node  #0, CPUs:      #1
[    0.044017] smp: Brought up 1 node, 2 CPUs
[    0.044017] smpboot: Total of 2 processors activated (11199.99 BogoMIPS)
[    0.044182] Memory: 4046148K/4194304K available (23852K kernel code, 5008K rwdata, 16180K rodata, 5244K init, 5848K bss, 138108K reserved, 0K cma-reserved)
[    0.044995] devtmpfs: initialized
[    0.045048] x86/mm: Memory block size: 128MB
[    0.045460] clocksource: jiffies: mask: 0xffffffff max_cycles: 0xffffffff, max_idle_ns: 1911260446275000 ns
[    0.045460] posixtimers hash table entries: 2048 (order: 3, 32768 bytes, linear)
[    0.045460] futex hash table entries: 1024 (65536 bytes on 1 NUMA nodes, total 64 KiB, linear).
[    0.046311] NET: Registered PF_NETLINK/PF_ROUTE protocol family
[    0.046472] DMA: preallocated 512 KiB GFP_KERNEL pool for atomic allocations
[    0.046483] audit: initializing netlink subsys (disabled)
[    0.046493] audit: type=2000 audit(1788398728.007:1): state=initialized audit_enabled=0 res=1
[    0.046493] thermal_sys: Registered thermal governor 'fair_share'
[    0.046493] thermal_sys: Registered thermal governor 'bang_bang'
[    0.046493] thermal_sys: Registered thermal governor 'step_wise'
[    0.046493] thermal_sys: Registered thermal governor 'user_space'
[    0.046493] thermal_sys: Registered thermal governor 'power_allocator'
[    0.046493] cpuidle: using governor ladder
[    0.046493] cpuidle: using governor menu
[    0.046493] PCI: Using configuration type 1 for base access
[    0.046990] Multikernel NMI stop handler registered
[    0.046991] Multikernel messaging system initialized
[    0.046994] Initializing multikernel hotplug subsystem
[    0.046997] Multikernel hotplug subsystem initialized
[    0.046999] Initializing multikernel overlay subsystem
[    0.047000] Multikernel overlay subsystem initialized
[    0.047001] Multikernel filesystem initialized. Mount with: mount -t multikernel none /sys/fs/multikernel
[    0.047001] Multikernel support initialized
[    0.047040] kprobes: kprobe jump-optimization is enabled. All kprobes are optimized if possible.
[    0.053019] HugeTLB: registered 1.00 GiB page size, pre-allocated 0 pages
[    0.053021] HugeTLB: 16380 KiB vmemmap can be freed for a 1.00 GiB page
[    0.053022] HugeTLB: registered 2.00 MiB page size, pre-allocated 0 pages
[    0.053022] HugeTLB: 28 KiB vmemmap can be freed for a 2.00 MiB page
[    0.054307] ACPI: Interpreter disabled.
[    0.055988] iommu: Default domain type: Translated
[    0.055990] iommu: DMA domain TLB invalidation policy: lazy mode
[    0.057131] SCSI subsystem initialized
[    0.057198] usbcore: registered new interface driver usbfs
[    0.057206] usbcore: registered new interface driver hub
[    0.057210] usbcore: registered new device driver usb
[    0.057224] pps_core: LinuxPPS API ver. 1 registered
[    0.057225] pps_core: Software ver. 5.3.6 - Copyright 2005-2007 Rodolfo Giometti <giometti@linux.it>
[    0.057227] PTP clock support registered
[    0.057323] EDAC MC: Ver: 3.0.0
[    0.057602] NetLabel: Initializing
[    0.057602] NetLabel:  domain hash size = 128
[    0.057603] NetLabel:  protocols = UNLABELED CIPSOv4 CALIPSO
[    0.057621] NetLabel:  unlabeled traffic allowed by default
[    0.057659] mctp: management component transport protocol core
[    0.057660] NET: Registered PF_MCTP protocol family
[    0.057672] PCI: Probing PCI hardware
[    0.057691] PCI host bridge to bus 0000:00
[    0.057694] pci_bus 0000:00: root bus resource [io  0x0000-0xffff]
[    0.057696] pci_bus 0000:00: root bus resource [mem 0x00000000-0x3fffffffffff]
[    0.057698] pci_bus 0000:00: No busn resource found for root bus, will use [bus 00-ff]
[    0.076546] pci_bus 0000:00: busn_res: [bus 00-ff] end is updated to 00
[    0.076553] e820: register RAM buffer resource [mem 0xef9610000-0xefbffffff]
[    0.076584] vgaarb: loaded
[    0.077055] clocksource: Switched to clocksource kvm-clock
[    0.077220] VFS: Disk quotas dquot_6.6.0
[    0.077228] VFS: Dquot-cache hash table entries: 512 (order 0, 4096 bytes)
[    0.078241] AppArmor: AppArmor Filesystem Enabled
[    0.078264] pnp: PnP ACPI: disabled
[    0.079106] NET: Registered PF_INET protocol family
[    0.079191] IP idents hash table entries: 65536 (order: 7, 524288 bytes, linear)
[    0.091978] tcp_listen_portaddr_hash hash table entries: 2048 (order: 3, 32768 bytes, linear)
[    0.091995] Table-perturb hash table entries: 65536 (order: 6, 262144 bytes, linear)
[    0.092011] TCP established hash table entries: 32768 (order: 6, 262144 bytes, linear)
[    0.092089] TCP bind hash table entries: 32768 (order: 8, 1048576 bytes, linear)
[    0.092148] TCP: Hash tables configured (established 32768 bind 32768)
[    0.092203] MPTCP token hash table entries: 4096 (order: 5, 98304 bytes, linear)
[    0.092227] UDP hash table entries: 2048 (order: 5, 131072 bytes, linear)
[    0.092256] UDP-Lite hash table entries: 2048 (order: 5, 131072 bytes, linear)
[    0.092305] NET: Registered PF_UNIX/PF_LOCAL protocol family
[    0.092315] NET: Registered PF_XDP protocol family
[    0.092322] pci_bus 0000:00: resource 4 [io  0x0000-0xffff]
[    0.092324] pci_bus 0000:00: resource 5 [mem 0x00000000-0x3fffffffffff]
[    0.092326] PCI: CLS 0 bytes, default 64
[    0.092390] PCI-DMA: Using software bounce buffering for IO (SWIOTLB)
[    0.092390] software IO TLB: No low mem
[    0.092443] clocksource: tsc: mask: 0xffffffffffffffff max_cycles: 0x285c3ee517e, max_idle_ns: 440795257231 ns
[    0.092458] clocksource: Switched to clocksource tsc
[    0.092467] Trying to unpack rootfs image as initramfs...
[    0.092469] Platform device 'pcspkr' blocked by multikernel allowlist
[    0.092808] Initialise system trusted keyrings
[    0.092816] Key type blacklist registered
[    0.093285] workingset: timestamp_bits=36 max_order=20 bucket_order=0
[    0.093515] squashfs: version 4.0 (2009/01/31) Phillip Lougher
[    0.095286] fuse: init (API version 7.45)
[    0.095396] integrity: Platform Keyring initialized
[    0.095399] integrity: Machine keyring initialized
[    0.103471] Key type asymmetric registered
[    0.103472] Asymmetric key parser 'x509' registered
[    0.103489] Block layer SCSI generic (bsg) driver version 0.4 loaded (major 242)
[    0.103542] io scheduler mq-deadline registered
[    0.105275] ledtrig-cpu: registered to indicate activity on CPUs
[    0.107342] Serial: 8250/16550 driver, 32 ports, IRQ sharing enabled
[    0.107354] Platform device 'serial8250' blocked by multikernel allowlist
[    0.107395] Platform device 'kgdboc' blocked by multikernel allowlist
[    0.107397] mktty: initializing spawn (instance 23)
[    0.107421] printk: legacy console [mktty0] enabled
[    0.107970] mktty: spawn ready (/dev/mktty0)
[    0.108045] Linux agpgart interface v0.103
[    0.109092] loop: module loaded
[    0.109214] Key type psk registered
[    0.111371] tun: Universal TUN/TAP device driver, 1.6
[    0.111445] PPP generic driver version 2.4.2
[    0.111545] mousedev: PS/2 mouse device common for all mice
[    0.111582] i2c_dev: i2c /dev entries driver
[    0.111595] device-mapper: core: CONFIG_IMA_DISABLE_HTABLE is disabled. Duplicate IMA measurements will not be recorded in the IMA log.
[    0.111605] device-mapper: uevent: version 1.0.3
[    0.111630] device-mapper: ioctl: 4.50.0-ioctl (2025-04-28) initialised: dm-devel@lists.linux.dev
[    0.111635] intel_pstate: CPU model not supported
[    0.111667] drop_monitor: Initializing network drop monitor service
[    0.111875] NET: Registered PF_INET6 protocol family
[    0.112088] Segment Routing with IPv6
[    0.112104] In-situ OAM (IOAM) with IPv6
[    0.112127] NET: Registered PF_PACKET protocol family
[    0.112160] Key type dns_resolver registered
[    0.112193] NET: Registered PF_VSOCK protocol family
[    0.112485] resctrl: No MBM correction factor available
[    0.112498] IPI shorthand broadcast: enabled
[    0.113873] sched_clock: Marking stable (113003568, 246012)->(243650438, -130400858)
[    0.113989] multikernel heap: registered /dev/dma_heap/multikernel
[    0.114029] registered taskstats version 1
[    0.115405] Loading compiled-in X.509 certificates
[    0.115865] Loaded X.509 cert 'Build time autogenerated kernel key: d8b765dd3cc8d0f42aad135a5cd9987f8a7efbfe'
[    0.118786] Demotion targets for Node 0: null
[    0.118845] Key type .fscrypt registered
[    0.118849] Key type fscrypt-provisioning registered
[    0.118892] Key type big_key registered
[    0.139550] Freeing initrd memory: 5148K
[    0.139984] Key type encrypted registered
[    0.139990] AppArmor: AppArmor sha256 policy hashing enabled
[    0.139995] ima: No TPM chip found, activating TPM-bypass!
[    0.140001] Loading compiled-in module X.509 certificates
[    0.140415] Loaded X.509 cert 'Build time autogenerated kernel key: d8b765dd3cc8d0f42aad135a5cd9987f8a7efbfe'
[    0.140420] ima: Allocated hash algorithm: sha256
[    0.140431] ima: No architecture policies found
[    0.140445] evm: Initialising EVM extended attributes:
[    0.140449] evm: security.selinux
[    0.140452] evm: security.SMACK64
[    0.140454] evm: security.SMACK64EXEC
[    0.140457] evm: security.SMACK64TRANSMUTE
[    0.140460] evm: security.SMACK64MMAP
[    0.140462] evm: security.apparmor
[    0.140465] evm: security.ima
[    0.140468] evm: security.capability
[    0.140471] evm: HMAC attrs: 0x1
[    0.140879] RAS: Correctable Errors collector initialized.
[    0.141012] clk: Disabling unused clocks
[    0.141016] PM: genpd: Disabling unused power domains
[    0.157242] Freeing unused decrypted memory: 2028K
[    0.158113] Freeing unused kernel image (initmem) memory: 5244K
[    0.158144] Write protecting the kernel read-only data: 40960k
[    0.158454] Freeing unused kernel image (text/rodata gap) memory: 720K
[    0.158531] Freeing unused kernel image (rodata/data gap) memory: 204K
[    0.169534] x86/mm: Checked W+X mappings: passed, no W+X pages found.
[    0.169546] Run /init as init process
[    0.177032] mk_transport: module verification failed: signature and/or required key missing - tainting kernel
[    0.177282] Multikernel vsock transport registered
MK_AGENT_START sandbox=runtime-g3 generation=a3b29ef81226c5efecd2a303ba02e441 port=7103
MK_AGENT_QUIESCED
